../Core/Src/main.c:332:5:main	8	static
../Core/Src/main.c:457:6:SystemClock_Config	72	static
../Core/Src/main.c:497:13:MX_I2C1_Init	8	static
../Core/Src/main.c:531:13:MX_SPI2_Init	8	static
../Core/Src/main.c:569:13:MX_TIM2_Init	64	static
../Core/Src/main.c:628:13:MX_TIM3_Init	32	static
../Core/Src/main.c:673:13:MX_GPIO_Init	40	static
../Core/Src/main.c:740:7:fast_sqrt	32	static
../Core/Src/main.c:754:6:debug_callback	24	static
../Core/Src/main.c:785:9:searchFilesInFolder	584	static
../Core/Src/main.c:847:6:HAL_TIM_OC_DelayElapsedCallback	24	static
../Core/Src/main.c:880:6:StartDefaultTask	16	static
../Core/Src/main.c:913:6:handleMenu	72	static
../Core/Src/main.c:1081:6:handleButtonPress	32	static
../Core/Src/main.c:1208:6:handleEncoder	32	static
../Core/Src/main.c:1288:6:handleMusicPlayer	16	static
../Core/Src/main.c:1372:6:handleFFT	16	static
../Core/Src/main.c:1399:6:HAL_TIM_PeriodElapsedCallback	16	static
../Core/Src/main.c:1418:6:Error_Handler	16	static,ignoring_inline_asm
