../Core/Src/main.c:261:5:main	8	static
../Core/Src/main.c:367:6:SystemClock_Config	72	static
../Core/Src/main.c:407:13:MX_I2C1_Init	8	static
../Core/Src/main.c:441:13:MX_SPI2_Init	8	static
../Core/Src/main.c:479:13:MX_TIM2_Init	64	static
../Core/Src/main.c:538:13:MX_GPIO_Init	40	static
../Core/Src/main.c:592:7:fast_sqrt	32	static
../Core/Src/main.c:614:6:StartDefaultTask	2168	static
../Core/Src/main.c:693:6:menu	40	static
../Core/Src/main.c:799:6:handleButtonPress	32	static
../Core/Src/main.c:866:6:handleEncoder	32	static
../Core/Src/main.c:912:6:HAL_TIM_PeriodElapsedCallback	16	static
../Core/Src/main.c:930:6:Error_Handler	16	static,ignoring_inline_asm
