../Core/Src/main.c:297:5:main	2
../Core/Src/main.c:416:6:SystemClock_Config	3
../Core/Src/main.c:455:13:MX_I2C1_Init	2
../Core/Src/main.c:488:13:MX_SPI2_Init	2
../Core/Src/main.c:525:13:MX_TIM2_Init	6
../Core/Src/main.c:583:13:MX_TIM3_Init	4
../Core/Src/main.c:627:13:MX_GPIO_Init	1
../Core/Src/main.c:692:7:fast_sqrt	2
../Core/Src/main.c:706:6:callback	5
../Core/Src/main.c:728:6:HAL_TIM_OC_DelayElapsedCallback	3
../Core/Src/main.c:761:6:StartDefaultTask	2
../Core/Src/main.c:785:6:menu	13
../Core/Src/main.c:895:6:handleButtonPress	9
../Core/Src/main.c:972:6:handleEncoder	9
../Core/Src/main.c:1032:6:handleMusicPlayer	9
../Core/Src/main.c:1114:6:HAL_TIM_PeriodElapsedCallback	2
../Core/Src/main.c:1131:6:Error_Handler	3
