../Core/Src/user_diskio_spi.c:98:6:SPI_Timer_On	16	static
../Core/Src/user_diskio_spi.c:104:9:SPI_Timer_Status	8	static
../Core/Src/user_diskio_spi.c:114:13:xchg_spi	32	static
../Core/Src/user_diskio_spi.c:124:13:rcvr_spi_multi	24	static
../Core/Src/user_diskio_spi.c:140:13:xmit_spi_multi	24	static
../Core/Src/user_diskio_spi.c:156:12:wait_ready	32	static
../Core/Src/user_diskio_spi.c:181:13:despiselect	8	static
../Core/Src/user_diskio_spi.c:191:12:spiselect	8	static
../Core/Src/user_diskio_spi.c:206:12:rcvr_datablock	24	static
../Core/Src/user_diskio_spi.c:234:12:xmit_datablock	24	static
../Core/Src/user_diskio_spi.c:263:13:send_cmd	24	static
../Core/Src/user_diskio_spi.c:327:16:USER_SPI_initialize	32	static
../Core/Src/user_diskio_spi.c:402:16:USER_SPI_status	16	static
../Core/Src/user_diskio_spi.c:416:16:USER_SPI_read	24	static
../Core/Src/user_diskio_spi.c:462:16:USER_SPI_write	24	static
../Core/Src/user_diskio_spi.c:514:16:USER_SPI_ioctl	56	static
