Archive member included to satisfy reference by file (symbol)

C:/ST/STM32CubeIDE_1.18.0/STM32CubeIDE/plugins/com.st.stm32cube.ide.mcu.externaltools.gnu-tools-for-stm32.13.3.rel1.win32_1.0.0.202411081344/tools/bin/../lib/gcc/arm-none-eabi/13.3.1/../../../../arm-none-eabi/lib/thumb/v7-m/nofp\libc_nano.a(libc_a-exit.o)
                              C:/ST/STM32CubeIDE_1.18.0/STM32CubeIDE/plugins/com.st.stm32cube.ide.mcu.externaltools.gnu-tools-for-stm32.13.3.rel1.win32_1.0.0.202411081344/tools/bin/../lib/gcc/arm-none-eabi/13.3.1/../../../../arm-none-eabi/lib/thumb/v7-m/nofp/crt0.o (exit)
C:/ST/STM32CubeIDE_1.18.0/STM32CubeIDE/plugins/com.st.stm32cube.ide.mcu.externaltools.gnu-tools-for-stm32.13.3.rel1.win32_1.0.0.202411081344/tools/bin/../lib/gcc/arm-none-eabi/13.3.1/../../../../arm-none-eabi/lib/thumb/v7-m/nofp\libc_nano.a(libc_a-findfp.o)
                              ./Middlewares/Third_Party/FreeRTOS/Source/tasks.o (__sf)
C:/ST/STM32CubeIDE_1.18.0/STM32CubeIDE/plugins/com.st.stm32cube.ide.mcu.externaltools.gnu-tools-for-stm32.13.3.rel1.win32_1.0.0.202411081344/tools/bin/../lib/gcc/arm-none-eabi/13.3.1/../../../../arm-none-eabi/lib/thumb/v7-m/nofp\libc_nano.a(libc_a-fwalk.o)
                              C:/ST/STM32CubeIDE_1.18.0/STM32CubeIDE/plugins/com.st.stm32cube.ide.mcu.externaltools.gnu-tools-for-stm32.13.3.rel1.win32_1.0.0.202411081344/tools/bin/../lib/gcc/arm-none-eabi/13.3.1/../../../../arm-none-eabi/lib/thumb/v7-m/nofp\libc_nano.a(libc_a-findfp.o) (_fwalk_sglue)
C:/ST/STM32CubeIDE_1.18.0/STM32CubeIDE/plugins/com.st.stm32cube.ide.mcu.externaltools.gnu-tools-for-stm32.13.3.rel1.win32_1.0.0.202411081344/tools/bin/../lib/gcc/arm-none-eabi/13.3.1/../../../../arm-none-eabi/lib/thumb/v7-m/nofp\libc_nano.a(libc_a-stdio.o)
                              C:/ST/STM32CubeIDE_1.18.0/STM32CubeIDE/plugins/com.st.stm32cube.ide.mcu.externaltools.gnu-tools-for-stm32.13.3.rel1.win32_1.0.0.202411081344/tools/bin/../lib/gcc/arm-none-eabi/13.3.1/../../../../arm-none-eabi/lib/thumb/v7-m/nofp\libc_nano.a(libc_a-findfp.o) (__sread)
C:/ST/STM32CubeIDE_1.18.0/STM32CubeIDE/plugins/com.st.stm32cube.ide.mcu.externaltools.gnu-tools-for-stm32.13.3.rel1.win32_1.0.0.202411081344/tools/bin/../lib/gcc/arm-none-eabi/13.3.1/../../../../arm-none-eabi/lib/thumb/v7-m/nofp\libc_nano.a(libc_a-memset.o)
                              C:/ST/STM32CubeIDE_1.18.0/STM32CubeIDE/plugins/com.st.stm32cube.ide.mcu.externaltools.gnu-tools-for-stm32.13.3.rel1.win32_1.0.0.202411081344/tools/bin/../lib/gcc/arm-none-eabi/13.3.1/../../../../arm-none-eabi/lib/thumb/v7-m/nofp/crt0.o (memset)
C:/ST/STM32CubeIDE_1.18.0/STM32CubeIDE/plugins/com.st.stm32cube.ide.mcu.externaltools.gnu-tools-for-stm32.13.3.rel1.win32_1.0.0.202411081344/tools/bin/../lib/gcc/arm-none-eabi/13.3.1/../../../../arm-none-eabi/lib/thumb/v7-m/nofp\libc_nano.a(libc_a-closer.o)
                              C:/ST/STM32CubeIDE_1.18.0/STM32CubeIDE/plugins/com.st.stm32cube.ide.mcu.externaltools.gnu-tools-for-stm32.13.3.rel1.win32_1.0.0.202411081344/tools/bin/../lib/gcc/arm-none-eabi/13.3.1/../../../../arm-none-eabi/lib/thumb/v7-m/nofp\libc_nano.a(libc_a-stdio.o) (_close_r)
C:/ST/STM32CubeIDE_1.18.0/STM32CubeIDE/plugins/com.st.stm32cube.ide.mcu.externaltools.gnu-tools-for-stm32.13.3.rel1.win32_1.0.0.202411081344/tools/bin/../lib/gcc/arm-none-eabi/13.3.1/../../../../arm-none-eabi/lib/thumb/v7-m/nofp\libc_nano.a(libc_a-reent.o)
                              ./Middlewares/Third_Party/FreeRTOS/Source/tasks.o (_reclaim_reent)
C:/ST/STM32CubeIDE_1.18.0/STM32CubeIDE/plugins/com.st.stm32cube.ide.mcu.externaltools.gnu-tools-for-stm32.13.3.rel1.win32_1.0.0.202411081344/tools/bin/../lib/gcc/arm-none-eabi/13.3.1/../../../../arm-none-eabi/lib/thumb/v7-m/nofp\libc_nano.a(libc_a-impure.o)
                              ./Middlewares/Third_Party/FreeRTOS/Source/tasks.o (_impure_ptr)
C:/ST/STM32CubeIDE_1.18.0/STM32CubeIDE/plugins/com.st.stm32cube.ide.mcu.externaltools.gnu-tools-for-stm32.13.3.rel1.win32_1.0.0.202411081344/tools/bin/../lib/gcc/arm-none-eabi/13.3.1/../../../../arm-none-eabi/lib/thumb/v7-m/nofp\libc_nano.a(libc_a-lseekr.o)
                              C:/ST/STM32CubeIDE_1.18.0/STM32CubeIDE/plugins/com.st.stm32cube.ide.mcu.externaltools.gnu-tools-for-stm32.13.3.rel1.win32_1.0.0.202411081344/tools/bin/../lib/gcc/arm-none-eabi/13.3.1/../../../../arm-none-eabi/lib/thumb/v7-m/nofp\libc_nano.a(libc_a-stdio.o) (_lseek_r)
C:/ST/STM32CubeIDE_1.18.0/STM32CubeIDE/plugins/com.st.stm32cube.ide.mcu.externaltools.gnu-tools-for-stm32.13.3.rel1.win32_1.0.0.202411081344/tools/bin/../lib/gcc/arm-none-eabi/13.3.1/../../../../arm-none-eabi/lib/thumb/v7-m/nofp\libc_nano.a(libc_a-readr.o)
                              C:/ST/STM32CubeIDE_1.18.0/STM32CubeIDE/plugins/com.st.stm32cube.ide.mcu.externaltools.gnu-tools-for-stm32.13.3.rel1.win32_1.0.0.202411081344/tools/bin/../lib/gcc/arm-none-eabi/13.3.1/../../../../arm-none-eabi/lib/thumb/v7-m/nofp\libc_nano.a(libc_a-stdio.o) (_read_r)
[...]
Memory Configuration

Name             Origin             Length             Attributes
RAM              0x20000000         0x00005000         xrw
FLASH            0x08000000         0x00010000         xr
*default*        0x00000000         0xffffffff

Linker script and memory map

LOAD C:/ST/STM32CubeIDE_1.18.0/STM32CubeIDE/plugins/com.st.stm32cube.ide.mcu.externaltools.gnu-tools-for-stm32.13.3.rel1.win32_1.0.0.202411081344/tools/bin/../lib/gcc/arm-none-eabi/13.3.1/thumb/v7-m/nofp/crti.o
LOAD C:/ST/STM32CubeIDE_1.18.0/STM32CubeIDE/plugins/com.st.stm32cube.ide.mcu.externaltools.gnu-tools-for-stm32.13.3.rel1.win32_1.0.0.202411081344/tools/bin/../lib/gcc/arm-none-eabi/13.3.1/thumb/v7-m/nofp/crtbegin.o
LOAD C:/ST/STM32CubeIDE_1.18.0/STM32CubeIDE/plugins/com.st.stm32cube.ide.mcu.externaltools.gnu-tools-for-stm32.13.3.rel1.win32_1.0.0.202411081344/tools/bin/../lib/gcc/arm-none-eabi/13.3.1/../../../../arm-none-eabi/lib/thumb/v7-m/nofp/crt0.o
LOAD ./Core/Src/fonts.o
LOAD ./Core/Src/freertos.o
LOAD ./Core/Src/main.o
LOAD ./Core/Src/ssd1306.o
LOAD ./Core/Src/stm32f1xx_hal_msp.o
LOAD ./Core/Src/stm32f1xx_hal_timebase_tim.o
LOAD ./Core/Src/stm32f1xx_it.o
LOAD ./Core/Src/syscalls.o
LOAD ./Core/Src/sysmem.o
LOAD ./Core/Src/system_stm32f1xx.o
LOAD ./Core/Src/user_diskio_spi.o
LOAD ./Core/Startup/startup_stm32f103c8tx.o
LOAD ./Drivers/STM32F1xx_HAL_Driver/Src/stm32f1xx_hal.o
LOAD ./Drivers/STM32F1xx_HAL_Driver/Src/stm32f1xx_hal_cortex.o
LOAD ./Drivers/STM32F1xx_HAL_Driver/Src/stm32f1xx_hal_dma.o
LOAD ./Drivers/STM32F1xx_HAL_Driver/Src/stm32f1xx_hal_exti.o
LOAD ./Drivers/STM32F1xx_HAL_Driver/Src/stm32f1xx_hal_flash.o
LOAD ./Drivers/STM32F1xx_HAL_Driver/Src/stm32f1xx_hal_flash_ex.o
LOAD ./Drivers/STM32F1xx_HAL_Driver/Src/stm32f1xx_hal_gpio.o
LOAD ./Drivers/STM32F1xx_HAL_Driver/Src/stm32f1xx_hal_gpio_ex.o
LOAD ./Drivers/STM32F1xx_HAL_Driver/Src/stm32f1xx_hal_i2c.o
LOAD ./Drivers/STM32F1xx_HAL_Driver/Src/stm32f1xx_hal_pwr.o
LOAD ./Drivers/STM32F1xx_HAL_Driver/Src/stm32f1xx_hal_rcc.o
LOAD ./Drivers/STM32F1xx_HAL_Driver/Src/stm32f1xx_hal_rcc_ex.o
LOAD ./Drivers/STM32F1xx_HAL_Driver/Src/stm32f1xx_hal_spi.o
LOAD ./Drivers/STM32F1xx_HAL_Driver/Src/stm32f1xx_hal_tim.o
LOAD ./Drivers/STM32F1xx_HAL_Driver/Src/stm32f1xx_hal_tim_ex.o
LOAD ./FATFS/App/fatfs.o
LOAD ./FATFS/Target/user_diskio.o
LOAD ./Middlewares/Third_Party/FatFs/src/diskio.o
LOAD ./Middlewares/Third_Party/FatFs/src/ff.o
LOAD ./Middlewares/Third_Party/FatFs/src/ff_gen_drv.o
LOAD ./Middlewares/Third_Party/FatFs/src/option/syscall.o
LOAD ./Middlewares/Third_Party/FreeRTOS/Source/CMSIS_RTOS_V2/cmsis_os2.o
LOAD ./Middlewares/Third_Party/FreeRTOS/Source/croutine.o
LOAD ./Middlewares/Third_Party/FreeRTOS/Source/event_groups.o
LOAD ./Middlewares/Third_Party/FreeRTOS/Source/list.o
LOAD ./Middlewares/Third_Party/FreeRTOS/Source/queue.o
LOAD ./Middlewares/Third_Party/FreeRTOS/Source/stream_buffer.o
LOAD ./Middlewares/Third_Party/FreeRTOS/Source/tasks.o
LOAD ./Middlewares/Third_Party/FreeRTOS/Source/timers.o
LOAD ./Middlewares/Third_Party/FreeRTOS/Source/portable/GCC/ARM_CM3/port.o
LOAD ./Middlewares/Third_Party/FreeRTOS/Source/portable/MemMang/heap_4.o
START GROUP
LOAD C:/ST/STM32CubeIDE_1.18.0/STM32CubeIDE/plugins/com.st.stm32cube.ide.mcu.externaltools.gnu-tools-for-stm32.13.3.rel1.win32_1.0.0.202411081344/tools/bin/../lib/gcc/arm-none-eabi/13.3.1/../../../../arm-none-eabi/lib/thumb/v7-m/nofp\libc_nano.a
LOAD C:/ST/STM32CubeIDE_1.18.0/STM32CubeIDE/plugins/com.st.stm32cube.ide.mcu.externaltools.gnu-tools-for-stm32.13.3.rel1.win32_1.0.0.202411081344/tools/bin/../lib/gcc/arm-none-eabi/13.3.1/../../../../arm-none-eabi/lib/thumb/v7-m/nofp\libm.a
END GROUP
START GROUP
LOAD C:/ST/STM32CubeIDE_1.18.0/STM32CubeIDE/plugins/com.st.stm32cube.ide.mcu.externaltools.gnu-tools-for-stm32.13.3.rel1.win32_1.0.0.202411081344/tools/bin/../lib/gcc/arm-none-eabi/13.3.1/thumb/v7-m/nofp\libgcc.a
LOAD C:/ST/STM32CubeIDE_1.18.0/STM32CubeIDE/plugins/com.st.stm32cube.ide.mcu.externaltools.gnu-tools-for-stm32.13.3.rel1.win32_1.0.0.202411081344/tools/bin/../lib/gcc/arm-none-eabi/13.3.1/../../../../arm-none-eabi/lib/thumb/v7-m/nofp\libc_nano.a
END GROUP
START GROUP
LOAD C:/ST/STM32CubeIDE_1.18.0/STM32CubeIDE/plugins/com.st.stm32cube.ide.mcu.externaltools.gnu-tools-for-stm32.13.3.rel1.win32_1.0.0.202411081344/tools/bin/../lib/gcc/arm-none-eabi/13.3.1/thumb/v7-m/nofp\libgcc.a
LOAD C:/ST/STM32CubeIDE_1.18.0/STM32CubeIDE/plugins/com.st.stm32cube.ide.mcu.externaltools.gnu-tools-for-stm32.13.3.rel1.win32_1.0.0.202411081344/tools/bin/../lib/gcc/arm-none-eabi/13.3.1/../../../../arm-none-eabi/lib/thumb/v7-m/nofp\libc_nano.a
LOAD C:/ST/STM32CubeIDE_1.18.0/STM32CubeIDE/plugins/com.st.stm32cube.ide.mcu.externaltools.gnu-tools-for-stm32.13.3.rel1.win32_1.0.0.202411081344/tools/bin/../lib/gcc/arm-none-eabi/13.3.1/../../../../arm-none-eabi/lib/thumb/v7-m/nofp\libnosys.a
END GROUP
START GROUP
LOAD C:/ST/STM32CubeIDE_1.18.0/STM32CubeIDE/plugins/com.st.stm32cube.ide.mcu.externaltools.gnu-tools-for-stm32.13.3.rel1.win32_1.0.0.202411081344/tools/bin/../lib/gcc/arm-none-eabi/13.3.1/thumb/v7-m/nofp\libgcc.a
LOAD C:/ST/STM32CubeIDE_1.18.0/STM32CubeIDE/plugins/com.st.stm32cube.ide.mcu.externaltools.gnu-tools-for-stm32.13.3.rel1.win32_1.0.0.202411081344/tools/bin/../lib/gcc/arm-none-eabi/13.3.1/../../../../arm-none-eabi/lib/thumb/v7-m/nofp\libc_nano.a
LOAD C:/ST/STM32CubeIDE_1.18.0/STM32CubeIDE/plugins/com.st.stm32cube.ide.mcu.externaltools.gnu-tools-for-stm32.13.3.rel1.win32_1.0.0.202411081344/tools/bin/../lib/gcc/arm-none-eabi/13.3.1/../../../../arm-none-eabi/lib/thumb/v7-m/nofp\libnosys.a
END GROUP
LOAD C:/ST/STM32CubeIDE_1.18.0/STM32CubeIDE/plugins/com.st.stm32cube.ide.mcu.externaltools.gnu-tools-for-stm32.13.3.rel1.win32_1.0.0.202411081344/tools/bin/../lib/gcc/arm-none-eabi/13.3.1/thumb/v7-m/nofp/crtend.o
LOAD C:/ST/STM32CubeIDE_1.18.0/STM32CubeIDE/plugins/com.st.stm32cube.ide.mcu.externaltools.gnu-tools-for-stm32.13.3.rel1.win32_1.0.0.202411081344/tools/bin/../lib/gcc/arm-none-eabi/13.3.1/thumb/v7-m/nofp/crtn.o
                0x20005000                        _estack = (ORIGIN (RAM) + LENGTH (RAM))
                0x00000200                        _Min_Heap_Size = 0x200
                0x00000400                        _Min_Stack_Size = 0x400

.isr_vector     0x08000000      0x10c
                0x08000000                        . = ALIGN (0x4)
 *(.isr_vector)
 .isr_vector    0x08000000      0x10c ./Core/Startup/startup_stm32f103c8tx.o
                0x08000000                g_pfnVectors
                0x0800010c                        . = ALIGN (0x4)

.text           0x08000110     0xa90c
                0x08000110                        . = ALIGN (0x4)
 *(.text)
 .text          0x08000110       0x40 C:/ST/STM32CubeIDE_1.18.0/STM32CubeIDE/plugins/com.st.stm32cube.ide.mcu.externaltools.gnu-tools-for-stm32.13.3.rel1.win32_1.0.0.202411081344/tools/bin/../lib/gcc/arm-none-eabi/13.3.1/thumb/v7-m/nofp/crtbegin.o
 .text          0x08000150      0x168 C:/ST/STM32CubeIDE_1.18.0/STM32CubeIDE/plugins/com.st.stm32cube.ide.mcu.externaltools.gnu-tools-for-stm32.13.3.rel1.win32_1.0.0.202411081344/tools/bin/../lib/gcc/arm-none-eabi/13.3.1/thumb/v7-m/nofp\libgcc.a(_arm_mulsf3.o)
                0x08000150                __aeabi_fmul
                0x08000150                __mulsf3
 .text          0x080002b8      0x21c C:/ST/STM32CubeIDE_1.18.0/STM32CubeIDE/plugins/com.st.stm32cube.ide.mcu.externaltools.gnu-tools-for-stm32.13.3.rel1.win32_1.0.0.202411081344/tools/bin/../lib/gcc/arm-none-eabi/13.3.1/thumb/v7-m/nofp\libgcc.a(_arm_addsubsf3.o)
                0x080002b8                __aeabi_frsub
                0x080002c0                __subsf3
                0x080002c0                __aeabi_fsub
                0x080002c4                __aeabi_fadd
                0x080002c4                __addsf3
                0x08000424                __aeabi_ui2f
                0x08000424                __floatunsisf
                0x0800042c                __aeabi_i2f
                0x0800042c                __floatsisf
                0x08000448                __aeabi_ul2f
                0x08000448                __floatundisf
                0x08000458                __aeabi_l2f
                0x08000458                __floatdisf
 .text          0x080004d4       0x4c C:/ST/STM32CubeIDE_1.18.0/STM32CubeIDE/plugins/com.st.stm32cube.ide.mcu.externaltools.gnu-tools-for-stm32.13.3.rel1.win32_1.0.0.202411081344/tools/bin/../lib/gcc/arm-none-eabi/13.3.1/thumb/v7-m/nofp\libgcc.a(_arm_fixsfsi.o)
                0x080004d4                __aeabi_f2iz
                0x080004d4                __fixsfsi
 *(.text*)
 .text.main     0x08000520       0xdc ./Core/Src/main.o
                0x08000520                main
 .text.SystemClock_Config
                0x080005fc       0x88 ./Core/Src/main.o
                0x080005fc                SystemClock_Config
 .text.MX_I2C1_Init
                0x08000684       0x5c ./Core/Src/main.o
 .text.MX_SPI2_Init
                0x080006e0       0x6c ./Core/Src/main.o
 .text.MX_TIM2_Init
                0x0800074c       0xec ./Core/Src/main.o
 .text.MX_GPIO_Init
                0x08000838      0x114 ./Core/Src/main.o
 .text.StartDefaultTask
                0x0800094c      0x16c ./Core/Src/main.o
                0x0800094c                StartDefaultTask
 .text.menu     0x08000ab8      0x2d8 ./Core/Src/main.o
                0x08000ab8                menu
 .text.handleButtonPress
                0x08000d90       0xc4 ./Core/Src/main.o
                0x08000d90                handleButtonPress
 .text.handleEncoder
                0x08000e54       0xd0 ./Core/Src/main.o
                0x08000e54                handleEncoder
 .text.HAL_TIM_PeriodElapsedCallback
                0x08000f24       0x24 ./Core/Src/main.o
                0x08000f24                HAL_TIM_PeriodElapsedCallback
 .text.Error_Handler
                0x08000f48       0x44 ./Core/Src/main.o
                0x08000f48                Error_Handler
 .text.SSD1306_Init
                0x08000f8c      0x188 ./Core/Src/ssd1306.o
                0x08000f8c                SSD1306_Init
 .text.SSD1306_UpdateScreen
                0x08001114       0x5c ./Core/Src/ssd1306.o
                0x08001114                SSD1306_UpdateScreen
 .text.SSD1306_Fill
                0x08001170       0x30 ./Core/Src/ssd1306.o
                0x08001170                SSD1306_Fill
 .text.SSD1306_DrawPixel
                0x080011a0       0xbc ./Core/Src/ssd1306.o
                0x080011a0                SSD1306_DrawPixel
 .text.SSD1306_GotoXY
                0x0800125c       0x2c ./Core/Src/ssd1306.o
                0x0800125c                SSD1306_GotoXY
 .text.SSD1306_Putc
                0x08001288       0xfc ./Core/Src/ssd1306.o
                0x08001288                SSD1306_Putc
 .text.SSD1306_Puts
                0x08001384       0x4a ./Core/Src/ssd1306.o
                0x08001384                SSD1306_Puts
 .text.SSD1306_DrawLine
                0x080013ce      0x1f6 ./Core/Src/ssd1306.o
                0x080013ce                SSD1306_DrawLine
 .text.SSD1306_DrawFilledCircle
                0x080015c4      0x1b6 ./Core/Src/ssd1306.o
                0x080015c4                SSD1306_DrawFilledCircle
 .text.SSD1306_Clear
                0x0800177a       0x12 ./Core/Src/ssd1306.o
                0x0800177a                SSD1306_Clear
 .text.ssd1306_I2C_Init
                0x0800178c       0x28 ./Core/Src/ssd1306.o
                0x0800178c                ssd1306_I2C_Init
 .text.ssd1306_I2C_WriteMulti
                0x080017b4       0xcc ./Core/Src/ssd1306.o
                0x080017b4                ssd1306_I2C_WriteMulti
 .text.ssd1306_I2C_Write
                0x08001880       0x3c ./Core/Src/ssd1306.o
                0x08001880                ssd1306_I2C_Write
 .text.HAL_MspInit
                0x080018bc       0x70 ./Core/Src/stm32f1xx_hal_msp.o
                0x080018bc                HAL_MspInit
 .text.HAL_I2C_MspInit
                0x0800192c       0x7c ./Core/Src/stm32f1xx_hal_msp.o
                0x0800192c                HAL_I2C_MspInit
 .text.HAL_SPI_MspInit
                0x080019a8       0x98 ./Core/Src/stm32f1xx_hal_msp.o
                0x080019a8                HAL_SPI_MspInit
 .text.HAL_TIM_Base_MspInit
                0x08001a40       0x38 ./Core/Src/stm32f1xx_hal_msp.o
                0x08001a40                HAL_TIM_Base_MspInit
 .text.HAL_TIM_MspPostInit
                0x08001a78       0x60 ./Core/Src/stm32f1xx_hal_msp.o
                0x08001a78                HAL_TIM_MspPostInit
 .text.HAL_InitTick
                0x08001ad8       0xfc ./Core/Src/stm32f1xx_hal_timebase_tim.o
                0x08001ad8                HAL_InitTick
 .text.NMI_Handler
                0x08001bd4        0x8 ./Core/Src/stm32f1xx_it.o
                0x08001bd4                NMI_Handler
 .text.HardFault_Handler
                0x08001bdc        0x8 ./Core/Src/stm32f1xx_it.o
                0x08001bdc                HardFault_Handler
 .text.MemManage_Handler
                0x08001be4        0x8 ./Core/Src/stm32f1xx_it.o
                0x08001be4                MemManage_Handler
 .text.BusFault_Handler
                0x08001bec        0x8 ./Core/Src/stm32f1xx_it.o
                0x08001bec                BusFault_Handler
 .text.UsageFault_Handler
                0x08001bf4        0x8 ./Core/Src/stm32f1xx_it.o
                0x08001bf4                UsageFault_Handler
 .text.DebugMon_Handler
                0x08001bfc        0xc ./Core/Src/stm32f1xx_it.o
                0x08001bfc                DebugMon_Handler
 .text.TIM4_IRQHandler
                0x08001c08       0x14 ./Core/Src/stm32f1xx_it.o
                0x08001c08                TIM4_IRQHandler
 .text.SystemInit
                0x08001c1c        0xc ./Core/Src/system_stm32f1xx.o
                0x08001c1c                SystemInit
 .text.SPI_Timer_On
                0x08001c28       0x28 ./Core/Src/user_diskio_spi.o
                0x08001c28                SPI_Timer_On
 .text.SPI_Timer_Status
                0x08001c50       0x2c ./Core/Src/user_diskio_spi.o
                0x08001c50                SPI_Timer_Status
 .text.xchg_spi
                0x08001c7c       0x2c ./Core/Src/user_diskio_spi.o
 .text.rcvr_spi_multi
                0x08001ca8       0x2c ./Core/Src/user_diskio_spi.o
 .text.xmit_spi_multi
                0x08001cd4       0x36 ./Core/Src/user_diskio_spi.o
 .text.wait_ready
                0x08001d0a       0x46 ./Core/Src/user_diskio_spi.o
 .text.despiselect
                0x08001d50       0x1c ./Core/Src/user_diskio_spi.o
 .text.spiselect
                0x08001d6c       0x34 ./Core/Src/user_diskio_spi.o
 .text.rcvr_datablock
                0x08001da0       0x52 ./Core/Src/user_diskio_spi.o
 .text.xmit_datablock
                0x08001df2       0x64 ./Core/Src/user_diskio_spi.o
 .text.send_cmd
                0x08001e56       0xde ./Core/Src/user_diskio_spi.o
 .text.USER_SPI_initialize
                0x08001f34      0x1d4 ./Core/Src/user_diskio_spi.o
                0x08001f34                USER_SPI_initialize
 .text.USER_SPI_status
                0x08002108       0x28 ./Core/Src/user_diskio_spi.o
                0x08002108                USER_SPI_status
 .text.USER_SPI_read
                0x08002130       0xcc ./Core/Src/user_diskio_spi.o
                0x08002130                USER_SPI_read
 .text.USER_SPI_write
                0x080021fc       0xf8 ./Core/Src/user_diskio_spi.o
                0x080021fc                USER_SPI_write
 .text.USER_SPI_ioctl
                0x080022f4      0x2e0 ./Core/Src/user_diskio_spi.o
                0x080022f4                USER_SPI_ioctl
 .text.Reset_Handler
                0x080025d4       0x48 ./Core/Startup/startup_stm32f103c8tx.o
                0x080025d4                Reset_Handler
 .text.Default_Handler
                0x0800261c        0x2 ./Core/Startup/startup_stm32f103c8tx.o
                0x0800261c                RTC_Alarm_IRQHandler
                0x0800261c                EXTI2_IRQHandler
                0x0800261c                TIM1_CC_IRQHandler
                0x0800261c                PVD_IRQHandler
                0x0800261c                EXTI3_IRQHandler
                0x0800261c                EXTI0_IRQHandler
                0x0800261c                I2C2_EV_IRQHandler
                0x0800261c                ADC1_2_IRQHandler
                0x0800261c                SPI1_IRQHandler
                0x0800261c                TAMPER_IRQHandler
                0x0800261c                DMA1_Channel4_IRQHandler
                0x0800261c                USART3_IRQHandler
                0x0800261c                RTC_IRQHandler
                0x0800261c                DMA1_Channel7_IRQHandler
                0x0800261c                CAN1_RX1_IRQHandler
                0x0800261c                I2C1_EV_IRQHandler
                0x0800261c                DMA1_Channel6_IRQHandler
                0x0800261c                TIM3_IRQHandler
                0x0800261c                RCC_IRQHandler
                0x0800261c                TIM1_TRG_COM_IRQHandler
                0x0800261c                DMA1_Channel1_IRQHandler
                0x0800261c                Default_Handler
                0x0800261c                EXTI15_10_IRQHandler
                0x0800261c                EXTI9_5_IRQHandler
                0x0800261c                SPI2_IRQHandler
                0x0800261c                DMA1_Channel5_IRQHandler
                0x0800261c                EXTI4_IRQHandler
                0x0800261c                USB_LP_CAN1_RX0_IRQHandler
                0x0800261c                USB_HP_CAN1_TX_IRQHandler
                0x0800261c                DMA1_Channel3_IRQHandler
                0x0800261c                TIM1_UP_IRQHandler
                0x0800261c                WWDG_IRQHandler
                0x0800261c                TIM2_IRQHandler
                0x0800261c                TIM1_BRK_IRQHandler
                0x0800261c                EXTI1_IRQHandler
                0x0800261c                USART2_IRQHandler
                0x0800261c                I2C2_ER_IRQHandler
                0x0800261c                DMA1_Channel2_IRQHandler
                0x0800261c                CAN1_SCE_IRQHandler
                0x0800261c                FLASH_IRQHandler
                0x0800261c                USART1_IRQHandler
                0x0800261c                I2C1_ER_IRQHandler
                0x0800261c                USBWakeUp_IRQHandler
 *fill*         0x0800261e        0x2 
 .text.HAL_Init
                0x08002620       0x2c ./Drivers/STM32F1xx_HAL_Driver/Src/stm32f1xx_hal.o
                0x08002620                HAL_Init
 .text.HAL_IncTick
                0x0800264c       0x24 ./Drivers/STM32F1xx_HAL_Driver/Src/stm32f1xx_hal.o
                0x0800264c                HAL_IncTick
 .text.HAL_GetTick
                0x08002670       0x14 ./Drivers/STM32F1xx_HAL_Driver/Src/stm32f1xx_hal.o
                0x08002670                HAL_GetTick
 .text.__NVIC_SetPriorityGrouping
                0x08002684       0x48 ./Drivers/STM32F1xx_HAL_Driver/Src/stm32f1xx_hal_cortex.o
 .text.__NVIC_GetPriorityGrouping
                0x080026cc       0x1c ./Drivers/STM32F1xx_HAL_Driver/Src/stm32f1xx_hal_cortex.o
 .text.__NVIC_EnableIRQ
                0x080026e8       0x38 ./Drivers/STM32F1xx_HAL_Driver/Src/stm32f1xx_hal_cortex.o
 .text.__NVIC_SetPriority
                0x08002720       0x54 ./Drivers/STM32F1xx_HAL_Driver/Src/stm32f1xx_hal_cortex.o
 .text.NVIC_EncodePriority
                0x08002774       0x64 ./Drivers/STM32F1xx_HAL_Driver/Src/stm32f1xx_hal_cortex.o
 .text.HAL_NVIC_SetPriorityGrouping
                0x080027d8       0x16 ./Drivers/STM32F1xx_HAL_Driver/Src/stm32f1xx_hal_cortex.o
                0x080027d8                HAL_NVIC_SetPriorityGrouping
 .text.HAL_NVIC_SetPriority
                0x080027ee       0x38 ./Drivers/STM32F1xx_HAL_Driver/Src/stm32f1xx_hal_cortex.o
                0x080027ee                HAL_NVIC_SetPriority
 .text.HAL_NVIC_EnableIRQ
                0x08002826       0x1c ./Drivers/STM32F1xx_HAL_Driver/Src/stm32f1xx_hal_cortex.o
                0x08002826                HAL_NVIC_EnableIRQ
 *fill*         0x08002842        0x2 
 .text.HAL_GPIO_Init
                0x08002844      0x308 ./Drivers/STM32F1xx_HAL_Driver/Src/stm32f1xx_hal_gpio.o
                0x08002844                HAL_GPIO_Init
 .text.HAL_GPIO_ReadPin
                0x08002b4c       0x2e ./Drivers/STM32F1xx_HAL_Driver/Src/stm32f1xx_hal_gpio.o
                0x08002b4c                HAL_GPIO_ReadPin
 .text.HAL_GPIO_WritePin
                0x08002b7a       0x30 ./Drivers/STM32F1xx_HAL_Driver/Src/stm32f1xx_hal_gpio.o
                0x08002b7a                HAL_GPIO_WritePin
 .text.HAL_GPIO_TogglePin
                0x08002baa       0x32 ./Drivers/STM32F1xx_HAL_Driver/Src/stm32f1xx_hal_gpio.o
                0x08002baa                HAL_GPIO_TogglePin
 .text.HAL_I2C_Init
                0x08002bdc      0x288 ./Drivers/STM32F1xx_HAL_Driver/Src/stm32f1xx_hal_i2c.o
                0x08002bdc                HAL_I2C_Init
 .text.HAL_I2C_Master_Transmit
                0x08002e64      0x1fc ./Drivers/STM32F1xx_HAL_Driver/Src/stm32f1xx_hal_i2c.o
                0x08002e64                HAL_I2C_Master_Transmit
 .text.HAL_I2C_IsDeviceReady
                0x08003060      0x25c ./Drivers/STM32F1xx_HAL_Driver/Src/stm32f1xx_hal_i2c.o
                0x08003060                HAL_I2C_IsDeviceReady
 .text.I2C_MasterRequestWrite
                0x080032bc      0x104 ./Drivers/STM32F1xx_HAL_Driver/Src/stm32f1xx_hal_i2c.o
 .text.I2C_WaitOnFlagUntilTimeout
                0x080033c0       0xf4 ./Drivers/STM32F1xx_HAL_Driver/Src/stm32f1xx_hal_i2c.o
 .text.I2C_WaitOnMasterAddressFlagUntilTimeout
                0x080034b4      0x140 ./Drivers/STM32F1xx_HAL_Driver/Src/stm32f1xx_hal_i2c.o
 .text.I2C_WaitOnTXEFlagUntilTimeout
                0x080035f4       0x90 ./Drivers/STM32F1xx_HAL_Driver/Src/stm32f1xx_hal_i2c.o
 .text.I2C_WaitOnBTFFlagUntilTimeout
                0x08003684       0x90 ./Drivers/STM32F1xx_HAL_Driver/Src/stm32f1xx_hal_i2c.o
 .text.I2C_IsAcknowledgeFailed
                0x08003714       0x5c ./Drivers/STM32F1xx_HAL_Driver/Src/stm32f1xx_hal_i2c.o
 .text.HAL_RCC_OscConfig
                0x08003770      0x504 ./Drivers/STM32F1xx_HAL_Driver/Src/stm32f1xx_hal_rcc.o
                0x08003770                HAL_RCC_OscConfig
 .text.HAL_RCC_ClockConfig
                0x08003c74      0x1d4 ./Drivers/STM32F1xx_HAL_Driver/Src/stm32f1xx_hal_rcc.o
                0x08003c74                HAL_RCC_ClockConfig
 .text.HAL_RCC_GetSysClockFreq
                0x08003e48       0xa8 ./Drivers/STM32F1xx_HAL_Driver/Src/stm32f1xx_hal_rcc.o
                0x08003e48                HAL_RCC_GetSysClockFreq
 .text.HAL_RCC_GetHCLKFreq
                0x08003ef0       0x14 ./Drivers/STM32F1xx_HAL_Driver/Src/stm32f1xx_hal_rcc.o
                0x08003ef0                HAL_RCC_GetHCLKFreq
 .text.HAL_RCC_GetPCLK1Freq
                0x08003f04       0x28 ./Drivers/STM32F1xx_HAL_Driver/Src/stm32f1xx_hal_rcc.o
                0x08003f04                HAL_RCC_GetPCLK1Freq
 .text.HAL_RCC_GetClockConfig
                0x08003f2c       0x60 ./Drivers/STM32F1xx_HAL_Driver/Src/stm32f1xx_hal_rcc.o
                0x08003f2c                HAL_RCC_GetClockConfig
 .text.RCC_Delay
                0x08003f8c       0x3c ./Drivers/STM32F1xx_HAL_Driver/Src/stm32f1xx_hal_rcc.o
 .text.HAL_SPI_Init
                0x08003fc8      0x108 ./Drivers/STM32F1xx_HAL_Driver/Src/stm32f1xx_hal_spi.o
                0x08003fc8                HAL_SPI_Init
 .text.HAL_SPI_TransmitReceive
                0x080040d0      0x352 ./Drivers/STM32F1xx_HAL_Driver/Src/stm32f1xx_hal_spi.o
                0x080040d0                HAL_SPI_TransmitReceive
 *fill*         0x08004422        0x2 
 .text.SPI_WaitFlagStateUntilTimeout
                0x08004424      0x110 ./Drivers/STM32F1xx_HAL_Driver/Src/stm32f1xx_hal_spi.o
 .text.SPI_EndRxTxTransaction
                0x08004534       0x62 ./Drivers/STM32F1xx_HAL_Driver/Src/stm32f1xx_hal_spi.o
 .text.HAL_TIM_Base_Init
                0x08004596       0x9e ./Drivers/STM32F1xx_HAL_Driver/Src/stm32f1xx_hal_tim.o
                0x08004596                HAL_TIM_Base_Init
 .text.HAL_TIM_Base_Start_IT
                0x08004634       0xa4 ./Drivers/STM32F1xx_HAL_Driver/Src/stm32f1xx_hal_tim.o
                0x08004634                HAL_TIM_Base_Start_IT
 .text.HAL_TIM_PWM_Init
                0x080046d8       0x9e ./Drivers/STM32F1xx_HAL_Driver/Src/stm32f1xx_hal_tim.o
                0x080046d8                HAL_TIM_PWM_Init
 .text.HAL_TIM_PWM_MspInit
                0x08004776       0x12 ./Drivers/STM32F1xx_HAL_Driver/Src/stm32f1xx_hal_tim.o
                0x08004776                HAL_TIM_PWM_MspInit
 .text.HAL_TIM_PWM_Start
                0x08004788      0x144 ./Drivers/STM32F1xx_HAL_Driver/Src/stm32f1xx_hal_tim.o
                0x08004788                HAL_TIM_PWM_Start
 .text.HAL_TIM_IRQHandler
                0x080048cc      0x1e0 ./Drivers/STM32F1xx_HAL_Driver/Src/stm32f1xx_hal_tim.o
                0x080048cc                HAL_TIM_IRQHandler
 .text.HAL_TIM_PWM_ConfigChannel
                0x08004aac      0x184 ./Drivers/STM32F1xx_HAL_Driver/Src/stm32f1xx_hal_tim.o
                0x08004aac                HAL_TIM_PWM_ConfigChannel
 .text.HAL_TIM_ConfigClockSource
                0x08004c30      0x18e ./Drivers/STM32F1xx_HAL_Driver/Src/stm32f1xx_hal_tim.o
                0x08004c30                HAL_TIM_ConfigClockSource
 .text.HAL_TIM_OC_DelayElapsedCallback
                0x08004dbe       0x12 ./Drivers/STM32F1xx_HAL_Driver/Src/stm32f1xx_hal_tim.o
                0x08004dbe                HAL_TIM_OC_DelayElapsedCallback
 .text.HAL_TIM_IC_CaptureCallback
                0x08004dd0       0x12 ./Drivers/STM32F1xx_HAL_Driver/Src/stm32f1xx_hal_tim.o
                0x08004dd0                HAL_TIM_IC_CaptureCallback
 .text.HAL_TIM_PWM_PulseFinishedCallback
                0x08004de2       0x12 ./Drivers/STM32F1xx_HAL_Driver/Src/stm32f1xx_hal_tim.o
                0x08004de2                HAL_TIM_PWM_PulseFinishedCallback
 .text.HAL_TIM_TriggerCallback
                0x08004df4       0x12 ./Drivers/STM32F1xx_HAL_Driver/Src/stm32f1xx_hal_tim.o
                0x08004df4                HAL_TIM_TriggerCallback
 *fill*         0x08004e06        0x2 
 .text.TIM_Base_SetConfig
                0x08004e08       0xdc ./Drivers/STM32F1xx_HAL_Driver/Src/stm32f1xx_hal_tim.o
                0x08004e08                TIM_Base_SetConfig
 .text.TIM_OC1_SetConfig
                0x08004ee4       0xcc ./Drivers/STM32F1xx_HAL_Driver/Src/stm32f1xx_hal_tim.o
 .text.TIM_OC2_SetConfig
                0x08004fb0       0xd4 ./Drivers/STM32F1xx_HAL_Driver/Src/stm32f1xx_hal_tim.o
                0x08004fb0                TIM_OC2_SetConfig
 .text.TIM_OC3_SetConfig
                0x08005084       0xd4 ./Drivers/STM32F1xx_HAL_Driver/Src/stm32f1xx_hal_tim.o
 .text.TIM_OC4_SetConfig
                0x08005158       0x9c ./Drivers/STM32F1xx_HAL_Driver/Src/stm32f1xx_hal_tim.o
 .text.TIM_TI1_ConfigInputStage
                0x080051f4       0x5c ./Drivers/STM32F1xx_HAL_Driver/Src/stm32f1xx_hal_tim.o
 .text.TIM_TI2_ConfigInputStage
                0x08005250       0x5e ./Drivers/STM32F1xx_HAL_Driver/Src/stm32f1xx_hal_tim.o
 .text.TIM_ITRx_SetConfig
                0x080052ae       0x34 ./Drivers/STM32F1xx_HAL_Driver/Src/stm32f1xx_hal_tim.o
 .text.TIM_ETR_SetConfig
                0x080052e2       0x3e ./Drivers/STM32F1xx_HAL_Driver/Src/stm32f1xx_hal_tim.o
                0x080052e2                TIM_ETR_SetConfig
 .text.TIM_CCxChannelCmd
                0x08005320       0x48 ./Drivers/STM32F1xx_HAL_Driver/Src/stm32f1xx_hal_tim.o
                0x08005320                TIM_CCxChannelCmd
 .text.HAL_TIMEx_MasterConfigSynchronization
                0x08005368       0xbc ./Drivers/STM32F1xx_HAL_Driver/Src/stm32f1xx_hal_tim_ex.o
                0x08005368                HAL_TIMEx_MasterConfigSynchronization
 .text.HAL_TIMEx_CommutCallback
                0x08005424       0x12 ./Drivers/STM32F1xx_HAL_Driver/Src/stm32f1xx_hal_tim_ex.o
                0x08005424                HAL_TIMEx_CommutCallback
 .text.HAL_TIMEx_BreakCallback
                0x08005436       0x12 ./Drivers/STM32F1xx_HAL_Driver/Src/stm32f1xx_hal_tim_ex.o
                0x08005436                HAL_TIMEx_BreakCallback
 .text.MX_FATFS_Init
                0x08005448       0x24 ./FATFS/App/fatfs.o
                0x08005448                MX_FATFS_Init
 .text.get_fattime
                0x0800546c        0xe ./FATFS/App/fatfs.o
                0x0800546c                get_fattime
 .text.USER_initialize
                0x0800547a       0x1e ./FATFS/Target/user_diskio.o
                0x0800547a                USER_initialize
 .text.USER_status
                0x08005498       0x1e ./FATFS/Target/user_diskio.o
                0x08005498                USER_status
 .text.USER_read
                0x080054b6       0x28 ./FATFS/Target/user_diskio.o
                0x080054b6                USER_read
 .text.USER_write
                0x080054de       0x28 ./FATFS/Target/user_diskio.o
                0x080054de                USER_write
 .text.USER_ioctl
                0x08005506       0x28 ./FATFS/Target/user_diskio.o
                0x08005506                USER_ioctl
 *fill*         0x0800552e        0x2 
 .text.disk_status
                0x08005530       0x34 ./Middlewares/Third_Party/FatFs/src/diskio.o
                0x08005530                disk_status
 .text.disk_initialize
                0x08005564       0x4c ./Middlewares/Third_Party/FatFs/src/diskio.o
                0x08005564                disk_initialize
 .text.disk_read
                0x080055b0       0x40 ./Middlewares/Third_Party/FatFs/src/diskio.o
                0x080055b0                disk_read
 .text.disk_write
                0x080055f0       0x40 ./Middlewares/Third_Party/FatFs/src/diskio.o
                0x080055f0                disk_write
 .text.disk_ioctl
                0x08005630       0x3c ./Middlewares/Third_Party/FatFs/src/diskio.o
                0x08005630                disk_ioctl
 .text.mem_cpy  0x0800566c       0x3c ./Middlewares/Third_Party/FatFs/src/ff.o
 .text.mem_set  0x080056a8       0x34 ./Middlewares/Third_Party/FatFs/src/ff.o
 .text.mem_cmp  0x080056dc       0x4c ./Middlewares/Third_Party/FatFs/src/ff.o
 .text.chk_chr  0x08005728       0x34 ./Middlewares/Third_Party/FatFs/src/ff.o
 .text.chk_lock
                0x0800575c       0xd8 ./Middlewares/Third_Party/FatFs/src/ff.o
 .text.enq_lock
                0x08005834       0x48 ./Middlewares/Third_Party/FatFs/src/ff.o
 .text.inc_lock
                0x0800587c      0x16c ./Middlewares/Third_Party/FatFs/src/ff.o
 .text.dec_lock
                0x080059e8       0x88 ./Middlewares/Third_Party/FatFs/src/ff.o
 .text.clear_lock
                0x08005a70       0x54 ./Middlewares/Third_Party/FatFs/src/ff.o
 .text.sync_window
                0x08005ac4       0x92 ./Middlewares/Third_Party/FatFs/src/ff.o
 .text.move_window
                0x08005b56       0x5c ./Middlewares/Third_Party/FatFs/src/ff.o
 .text.sync_fs  0x08005bb2      0x15a ./Middlewares/Third_Party/FatFs/src/ff.o
 .text.clust2sect
                0x08005d0c       0x42 ./Middlewares/Third_Party/FatFs/src/ff.o
                0x08005d0c                clust2sect
 .text.get_fat  0x08005d4e      0x174 ./Middlewares/Third_Party/FatFs/src/ff.o
                0x08005d4e                get_fat
 .text.put_fat  0x08005ec2      0x21c ./Middlewares/Third_Party/FatFs/src/ff.o
                0x08005ec2                put_fat
 .text.remove_chain
                0x080060de       0xb4 ./Middlewares/Third_Party/FatFs/src/ff.o
 .text.create_chain
                0x08006192      0x13a ./Middlewares/Third_Party/FatFs/src/ff.o
 .text.clmt_clust
                0x080062cc       0x68 ./Middlewares/Third_Party/FatFs/src/ff.o
 .text.dir_sdi  0x08006334      0x128 ./Middlewares/Third_Party/FatFs/src/ff.o
 .text.dir_next
                0x0800645c      0x1ee ./Middlewares/Third_Party/FatFs/src/ff.o
 .text.dir_alloc
                0x0800664a       0x94 ./Middlewares/Third_Party/FatFs/src/ff.o
 .text.ld_clust
                0x080066de       0x5e ./Middlewares/Third_Party/FatFs/src/ff.o
 .text.st_clust
                0x0800673c       0x4c ./Middlewares/Third_Party/FatFs/src/ff.o
 .text.dir_find
                0x08006788       0x9e ./Middlewares/Third_Party/FatFs/src/ff.o
 .text.dir_register
                0x08006826       0x72 ./Middlewares/Third_Party/FatFs/src/ff.o
 .text.create_name
                0x08006898      0x180 ./Middlewares/Third_Party/FatFs/src/ff.o
 .text.follow_path
                0x08006a18       0xdc ./Middlewares/Third_Party/FatFs/src/ff.o
 .text.get_ldnumber
                0x08006af4       0x86 ./Middlewares/Third_Party/FatFs/src/ff.o
 *fill*         0x08006b7a        0x2 
 .text.check_fs
                0x08006b7c       0xd8 ./Middlewares/Third_Party/FatFs/src/ff.o
 .text.find_volume
                0x08006c54      0x59c ./Middlewares/Third_Party/FatFs/src/ff.o
 .text.validate
                0x080071f0       0x66 ./Middlewares/Third_Party/FatFs/src/ff.o
 *fill*         0x08007256        0x2 
 .text.f_mount  0x08007258       0x90 ./Middlewares/Third_Party/FatFs/src/ff.o
                0x08007258                f_mount
 .text.f_open   0x080072e8      0x4ea ./Middlewares/Third_Party/FatFs/src/ff.o
                0x080072e8                f_open
 .text.f_read   0x080077d2      0x2d6 ./Middlewares/Third_Party/FatFs/src/ff.o
                0x080077d2                f_read
 .text.f_sync   0x08007aa8      0x174 ./Middlewares/Third_Party/FatFs/src/ff.o
                0x08007aa8                f_sync
 .text.f_close  0x08007c1c       0x50 ./Middlewares/Third_Party/FatFs/src/ff.o
                0x08007c1c                f_close
 .text.FATFS_LinkDriverEx
                0x08007c6c       0x94 ./Middlewares/Third_Party/FatFs/src/ff_gen_drv.o
                0x08007c6c                FATFS_LinkDriverEx
 .text.FATFS_LinkDriver
                0x08007d00       0x1e ./Middlewares/Third_Party/FatFs/src/ff_gen_drv.o
                0x08007d00                FATFS_LinkDriver
 *fill*         0x08007d1e        0x2 
 .text.__NVIC_SetPriority
                0x08007d20       0x54 ./Middlewares/Third_Party/FreeRTOS/Source/CMSIS_RTOS_V2/cmsis_os2.o
 .text.SysTick_Handler
                0x08007d74       0x20 ./Middlewares/Third_Party/FreeRTOS/Source/CMSIS_RTOS_V2/cmsis_os2.o
                0x08007d74                SysTick_Handler
 .text.SVC_Setup
                0x08007d94       0x12 ./Middlewares/Third_Party/FreeRTOS/Source/CMSIS_RTOS_V2/cmsis_os2.o
 *fill*         0x08007da6        0x2 
 .text.osKernelInitialize
                0x08007da8       0x44 ./Middlewares/Third_Party/FreeRTOS/Source/CMSIS_RTOS_V2/cmsis_os2.o
                0x08007da8                osKernelInitialize
 .text.osKernelStart
                0x08007dec       0x4c ./Middlewares/Third_Party/FreeRTOS/Source/CMSIS_RTOS_V2/cmsis_os2.o
                0x08007dec                osKernelStart
 .text.osThreadNew
                0x08007e38      0x124 ./Middlewares/Third_Party/FreeRTOS/Source/CMSIS_RTOS_V2/cmsis_os2.o
                0x08007e38                osThreadNew
 .text.osDelay  0x08007f5c       0x36 ./Middlewares/Third_Party/FreeRTOS/Source/CMSIS_RTOS_V2/cmsis_os2.o
                0x08007f5c                osDelay
 *fill*         0x08007f92        0x2 
 .text.vApplicationGetIdleTaskMemory
                0x08007f94       0x30 ./Middlewares/Third_Party/FreeRTOS/Source/CMSIS_RTOS_V2/cmsis_os2.o
                0x08007f94                vApplicationGetIdleTaskMemory
 .text.vApplicationGetTimerTaskMemory
                0x08007fc4       0x34 ./Middlewares/Third_Party/FreeRTOS/Source/CMSIS_RTOS_V2/cmsis_os2.o
                0x08007fc4                vApplicationGetTimerTaskMemory
 .text.vListInitialise
                0x08007ff8       0x3e ./Middlewares/Third_Party/FreeRTOS/Source/list.o
                0x08007ff8                vListInitialise
 .text.vListInitialiseItem
                0x08008036       0x18 ./Middlewares/Third_Party/FreeRTOS/Source/list.o
                0x08008036                vListInitialiseItem
 .text.vListInsertEnd
                0x0800804e       0x46 ./Middlewares/Third_Party/FreeRTOS/Source/list.o
                0x0800804e                vListInsertEnd
 .text.vListInsert
                0x08008094       0x70 ./Middlewares/Third_Party/FreeRTOS/Source/list.o
                0x08008094                vListInsert
 .text.uxListRemove
                0x08008104       0x52 ./Middlewares/Third_Party/FreeRTOS/Source/list.o
                0x08008104                uxListRemove
 *fill*         0x08008156        0x2 
 .text.xQueueGenericReset
                0x08008158       0xd4 ./Middlewares/Third_Party/FreeRTOS/Source/queue.o
                0x08008158                xQueueGenericReset
 .text.xQueueGenericCreateStatic
                0x0800822c       0xfa ./Middlewares/Third_Party/FreeRTOS/Source/queue.o
                0x0800822c                xQueueGenericCreateStatic
 .text.prvInitialiseNewQueue
                0x08008326       0x46 ./Middlewares/Third_Party/FreeRTOS/Source/queue.o
 .text.xQueueGenericSend
                0x0800836c      0x204 ./Middlewares/Third_Party/FreeRTOS/Source/queue.o
                0x0800836c                xQueueGenericSend
 .text.xQueueGenericSendFromISR
                0x08008570      0x13c ./Middlewares/Third_Party/FreeRTOS/Source/queue.o
                0x08008570                xQueueGenericSendFromISR
 .text.xQueueReceive
                0x080086ac      0x1c4 ./Middlewares/Third_Party/FreeRTOS/Source/queue.o
                0x080086ac                xQueueReceive
 .text.prvCopyDataToQueue
                0x08008870       0xd4 ./Middlewares/Third_Party/FreeRTOS/Source/queue.o
 .text.prvCopyDataFromQueue
                0x08008944       0x4c ./Middlewares/Third_Party/FreeRTOS/Source/queue.o
 .text.prvUnlockQueue
                0x08008990       0xa4 ./Middlewares/Third_Party/FreeRTOS/Source/queue.o
 .text.prvIsQueueEmpty
                0x08008a34       0x2c ./Middlewares/Third_Party/FreeRTOS/Source/queue.o
 .text.prvIsQueueFull
                0x08008a60       0x30 ./Middlewares/Third_Party/FreeRTOS/Source/queue.o
 .text.vQueueAddToRegistry
                0x08008a90       0x50 ./Middlewares/Third_Party/FreeRTOS/Source/queue.o
                0x08008a90                vQueueAddToRegistry
 .text.vQueueWaitForMessageRestricted
                0x08008ae0       0x68 ./Middlewares/Third_Party/FreeRTOS/Source/queue.o
                0x08008ae0                vQueueWaitForMessageRestricted
 .text.xTaskCreateStatic
                0x08008b48       0xc0 ./Middlewares/Third_Party/FreeRTOS/Source/tasks.o
                0x08008b48                xTaskCreateStatic
 .text.xTaskCreate
                0x08008c08       0x8a ./Middlewares/Third_Party/FreeRTOS/Source/tasks.o
                0x08008c08                xTaskCreate
 *fill*         0x08008c92        0x2 
 .text.prvInitialiseNewTask
                0x08008c94      0x150 ./Middlewares/Third_Party/FreeRTOS/Source/tasks.o
 .text.prvAddNewTaskToReadyList
                0x08008de4       0xe0 ./Middlewares/Third_Party/FreeRTOS/Source/tasks.o
 .text.vTaskDelay
                0x08008ec4       0x6c ./Middlewares/Third_Party/FreeRTOS/Source/tasks.o
                0x08008ec4                vTaskDelay
 .text.vTaskStartScheduler
                0x08008f30       0xe0 ./Middlewares/Third_Party/FreeRTOS/Source/tasks.o
                0x08008f30                vTaskStartScheduler
 .text.vTaskSuspendAll
                0x08009010       0x1c ./Middlewares/Third_Party/FreeRTOS/Source/tasks.o
                0x08009010                vTaskSuspendAll
 .text.xTaskResumeAll
                0x0800902c      0x13c ./Middlewares/Third_Party/FreeRTOS/Source/tasks.o
                0x0800902c                xTaskResumeAll
 .text.xTaskGetTickCount
                0x08009168       0x1c ./Middlewares/Third_Party/FreeRTOS/Source/tasks.o
                0x08009168                xTaskGetTickCount
 .text.xTaskIncrementTick
                0x08009184      0x174 ./Middlewares/Third_Party/FreeRTOS/Source/tasks.o
                0x08009184                xTaskIncrementTick
 .text.vTaskSwitchContext
                0x080092f8       0xc8 ./Middlewares/Third_Party/FreeRTOS/Source/tasks.o
                0x080092f8                vTaskSwitchContext
 .text.vTaskPlaceOnEventList
                0x080093c0       0x4c ./Middlewares/Third_Party/FreeRTOS/Source/tasks.o
                0x080093c0                vTaskPlaceOnEventList
 .text.vTaskPlaceOnEventListRestricted
                0x0800940c       0x58 ./Middlewares/Third_Party/FreeRTOS/Source/tasks.o
                0x0800940c                vTaskPlaceOnEventListRestricted
 .text.xTaskRemoveFromEventList
                0x08009464       0xc8 ./Middlewares/Third_Party/FreeRTOS/Source/tasks.o
                0x08009464                xTaskRemoveFromEventList
 .text.vTaskInternalSetTimeOutState
                0x0800952c       0x2c ./Middlewares/Third_Party/FreeRTOS/Source/tasks.o
                0x0800952c                vTaskInternalSetTimeOutState
 .text.xTaskCheckForTimeOut
                0x08009558       0xc8 ./Middlewares/Third_Party/FreeRTOS/Source/tasks.o
                0x08009558                xTaskCheckForTimeOut
 .text.vTaskMissedYield
                0x08009620       0x18 ./Middlewares/Third_Party/FreeRTOS/Source/tasks.o
                0x08009620                vTaskMissedYield
 .text.prvIdleTask
                0x08009638       0x30 ./Middlewares/Third_Party/FreeRTOS/Source/tasks.o
 .text.prvInitialiseTaskLists
                0x08009668       0x80 ./Middlewares/Third_Party/FreeRTOS/Source/tasks.o
 .text.prvCheckTasksWaitingTermination
                0x080096e8       0x5c ./Middlewares/Third_Party/FreeRTOS/Source/tasks.o
 .text.prvDeleteTCB
                0x08009744       0x6a ./Middlewares/Third_Party/FreeRTOS/Source/tasks.o
 *fill*         0x080097ae        0x2 
 .text.prvResetNextTaskUnblockTime
                0x080097b0       0x40 ./Middlewares/Third_Party/FreeRTOS/Source/tasks.o
 .text.xTaskGetSchedulerState
                0x080097f0       0x3c ./Middlewares/Third_Party/FreeRTOS/Source/tasks.o
                0x080097f0                xTaskGetSchedulerState
 .text.xTaskPriorityDisinherit
                0x0800982c       0xe0 ./Middlewares/Third_Party/FreeRTOS/Source/tasks.o
                0x0800982c                xTaskPriorityDisinherit
 .text.prvAddCurrentTaskToDelayedList
                0x0800990c       0xa8 ./Middlewares/Third_Party/FreeRTOS/Source/tasks.o
 .text.xTimerCreateTimerTask
                0x080099b4       0x94 ./Middlewares/Third_Party/FreeRTOS/Source/timers.o
                0x080099b4                xTimerCreateTimerTask
 .text.xTimerGenericCommand
                0x08009a48       0x9c ./Middlewares/Third_Party/FreeRTOS/Source/timers.o
                0x08009a48                xTimerGenericCommand
 .text.prvProcessExpiredTimer
                0x08009ae4       0x9c ./Middlewares/Third_Party/FreeRTOS/Source/timers.o
 .text.prvTimerTask
                0x08009b80       0x26 ./Middlewares/Third_Party/FreeRTOS/Source/timers.o
 *fill*         0x08009ba6        0x2 
 .text.prvProcessTimerOrBlockTask
                0x08009ba8       0x9c ./Middlewares/Third_Party/FreeRTOS/Source/timers.o
 .text.prvGetNextExpireTime
                0x08009c44       0x44 ./Middlewares/Third_Party/FreeRTOS/Source/timers.o
 .text.prvSampleTimeNow
                0x08009c88       0x40 ./Middlewares/Third_Party/FreeRTOS/Source/timers.o
 .text.prvInsertTimerInActiveList
                0x08009cc8       0x84 ./Middlewares/Third_Party/FreeRTOS/Source/timers.o
 .text.prvProcessReceivedCommands
                0x08009d4c      0x1cc ./Middlewares/Third_Party/FreeRTOS/Source/timers.o
 .text.prvSwitchTimerLists
                0x08009f18       0xcc ./Middlewares/Third_Party/FreeRTOS/Source/timers.o
 .text.prvCheckForValidListAndQueue
                0x08009fe4       0x80 ./Middlewares/Third_Party/FreeRTOS/Source/timers.o
 .text.pxPortInitialiseStack
                0x0800a064       0x58 ./Middlewares/Third_Party/FreeRTOS/Source/portable/GCC/ARM_CM3/port.o
                0x0800a064                pxPortInitialiseStack
 .text.prvTaskExitError
                0x0800a0bc       0x58 ./Middlewares/Third_Party/FreeRTOS/Source/portable/GCC/ARM_CM3/port.o
 *fill*         0x0800a114        0xc 
 .text.SVC_Handler
                0x0800a120       0x28 ./Middlewares/Third_Party/FreeRTOS/Source/portable/GCC/ARM_CM3/port.o
                0x0800a120                SVC_Handler
 .text.prvPortStartFirstTask
                0x0800a148       0x20 ./Middlewares/Third_Party/FreeRTOS/Source/portable/GCC/ARM_CM3/port.o
 .text.xPortStartScheduler
                0x0800a168       0xe4 ./Middlewares/Third_Party/FreeRTOS/Source/portable/GCC/ARM_CM3/port.o
                0x0800a168                xPortStartScheduler
 .text.vPortEnterCritical
                0x0800a24c       0x60 ./Middlewares/Third_Party/FreeRTOS/Source/portable/GCC/ARM_CM3/port.o
                0x0800a24c                vPortEnterCritical
 .text.vPortExitCritical
                0x0800a2ac       0x54 ./Middlewares/Third_Party/FreeRTOS/Source/portable/GCC/ARM_CM3/port.o
                0x0800a2ac                vPortExitCritical
 .text.PendSV_Handler
                0x0800a300       0x48 ./Middlewares/Third_Party/FreeRTOS/Source/portable/GCC/ARM_CM3/port.o
                0x0800a300                PendSV_Handler
 .text.xPortSysTickHandler
                0x0800a348       0x44 ./Middlewares/Third_Party/FreeRTOS/Source/portable/GCC/ARM_CM3/port.o
                0x0800a348                xPortSysTickHandler
 .text.vPortSetupTimerInterrupt
                0x0800a38c       0x44 ./Middlewares/Third_Party/FreeRTOS/Source/portable/GCC/ARM_CM3/port.o
                0x0800a38c                vPortSetupTimerInterrupt
 .text.vPortValidateInterruptPriority
                0x0800a3d0       0x80 ./Middlewares/Third_Party/FreeRTOS/Source/portable/GCC/ARM_CM3/port.o
                0x0800a3d0                vPortValidateInterruptPriority
 .text.pvPortMalloc
                0x0800a450      0x19c ./Middlewares/Third_Party/FreeRTOS/Source/portable/MemMang/heap_4.o
                0x0800a450                pvPortMalloc
 .text.vPortFree
                0x0800a5ec       0xc8 ./Middlewares/Third_Party/FreeRTOS/Source/portable/MemMang/heap_4.o
                0x0800a5ec                vPortFree
 .text.prvHeapInit
                0x0800a6b4       0xc4 ./Middlewares/Third_Party/FreeRTOS/Source/portable/MemMang/heap_4.o
 .text.prvInsertBlockIntoFreeList
                0x0800a778       0xb0 ./Middlewares/Third_Party/FreeRTOS/Source/portable/MemMang/heap_4.o
 .text.memset   0x0800a828       0x10 C:/ST/STM32CubeIDE_1.18.0/STM32CubeIDE/plugins/com.st.stm32cube.ide.mcu.externaltools.gnu-tools-for-stm32.13.3.rel1.win32_1.0.0.202411081344/tools/bin/../lib/gcc/arm-none-eabi/13.3.1/../../../../arm-none-eabi/lib/thumb/v7-m/nofp\libc_nano.a(libc_a-memset.o)
                0x0800a828                memset
 .text._reclaim_reent
                0x0800a838       0xbc C:/ST/STM32CubeIDE_1.18.0/STM32CubeIDE/plugins/com.st.stm32cube.ide.mcu.externaltools.gnu-tools-for-stm32.13.3.rel1.win32_1.0.0.202411081344/tools/bin/../lib/gcc/arm-none-eabi/13.3.1/../../../../arm-none-eabi/lib/thumb/v7-m/nofp\libc_nano.a(libc_a-reent.o)
                0x0800a838                _reclaim_reent
 .text.__libc_init_array
                0x0800a8f4       0x48 C:/ST/STM32CubeIDE_1.18.0/STM32CubeIDE/plugins/com.st.stm32cube.ide.mcu.externaltools.gnu-tools-for-stm32.13.3.rel1.win32_1.0.0.202411081344/tools/bin/../lib/gcc/arm-none-eabi/13.3.1/../../../../arm-none-eabi/lib/thumb/v7-m/nofp\libc_nano.a(libc_a-init.o)
                0x0800a8f4                __libc_init_array
 .text.__retarget_lock_acquire_recursive
                0x0800a93c        0x2 C:/ST/STM32CubeIDE_1.18.0/STM32CubeIDE/plugins/com.st.stm32cube.ide.mcu.externaltools.gnu-tools-for-stm32.13.3.rel1.win32_1.0.0.202411081344/tools/bin/../lib/gcc/arm-none-eabi/13.3.1/../../../../arm-none-eabi/lib/thumb/v7-m/nofp\libc_nano.a(libc_a-lock.o)
                0x0800a93c                __retarget_lock_acquire_recursive
 .text.__retarget_lock_release_recursive
                0x0800a93e        0x2 C:/ST/STM32CubeIDE_1.18.0/STM32CubeIDE/plugins/com.st.stm32cube.ide.mcu.externaltools.gnu-tools-for-stm32.13.3.rel1.win32_1.0.0.202411081344/tools/bin/../lib/gcc/arm-none-eabi/13.3.1/../../../../arm-none-eabi/lib/thumb/v7-m/nofp\libc_nano.a(libc_a-lock.o)
                0x0800a93e                __retarget_lock_release_recursive
 .text.memcpy   0x0800a940       0x1c C:/ST/STM32CubeIDE_1.18.0/STM32CubeIDE/plugins/com.st.stm32cube.ide.mcu.externaltools.gnu-tools-for-stm32.13.3.rel1.win32_1.0.0.202411081344/tools/bin/../lib/gcc/arm-none-eabi/13.3.1/../../../../arm-none-eabi/lib/thumb/v7-m/nofp\libc_nano.a(libc_a-memcpy-stub.o)
                0x0800a940                memcpy
 .text._free_r  0x0800a95c       0x90 C:/ST/STM32CubeIDE_1.18.0/STM32CubeIDE/plugins/com.st.stm32cube.ide.mcu.externaltools.gnu-tools-for-stm32.13.3.rel1.win32_1.0.0.202411081344/tools/bin/../lib/gcc/arm-none-eabi/13.3.1/../../../../arm-none-eabi/lib/thumb/v7-m/nofp\libc_nano.a(libc_a-freer.o)
                0x0800a95c                _free_r
 .text.__malloc_lock
                0x0800a9ec        0xc C:/ST/STM32CubeIDE_1.18.0/STM32CubeIDE/plugins/com.st.stm32cube.ide.mcu.externaltools.gnu-tools-for-stm32.13.3.rel1.win32_1.0.0.202411081344/tools/bin/../lib/gcc/arm-none-eabi/13.3.1/../../../../arm-none-eabi/lib/thumb/v7-m/nofp\libc_nano.a(libc_a-mlock.o)
                0x0800a9ec                __malloc_lock
 .text.__malloc_unlock
                0x0800a9f8        0xc C:/ST/STM32CubeIDE_1.18.0/STM32CubeIDE/plugins/com.st.stm32cube.ide.mcu.externaltools.gnu-tools-for-stm32.13.3.rel1.win32_1.0.0.202411081344/tools/bin/../lib/gcc/arm-none-eabi/13.3.1/../../../../arm-none-eabi/lib/thumb/v7-m/nofp\libc_nano.a(libc_a-mlock.o)
                0x0800a9f8                __malloc_unlock
 *(.glue_7)
 .glue_7        0x0800aa04        0x0 linker stubs
 *(.glue_7t)
 .glue_7t       0x0800aa04        0x0 linker stubs
 *(.eh_frame)
 .eh_frame      0x0800aa04        0x0 C:/ST/STM32CubeIDE_1.18.0/STM32CubeIDE/plugins/com.st.stm32cube.ide.mcu.externaltools.gnu-tools-for-stm32.13.3.rel1.win32_1.0.0.202411081344/tools/bin/../lib/gcc/arm-none-eabi/13.3.1/thumb/v7-m/nofp/crtbegin.o
 *(.init)
 .init          0x0800aa04        0x4 C:/ST/STM32CubeIDE_1.18.0/STM32CubeIDE/plugins/com.st.stm32cube.ide.mcu.externaltools.gnu-tools-for-stm32.13.3.rel1.win32_1.0.0.202411081344/tools/bin/../lib/gcc/arm-none-eabi/13.3.1/thumb/v7-m/nofp/crti.o
                0x0800aa04                _init
 .init          0x0800aa08        0x8 C:/ST/STM32CubeIDE_1.18.0/STM32CubeIDE/plugins/com.st.stm32cube.ide.mcu.externaltools.gnu-tools-for-stm32.13.3.rel1.win32_1.0.0.202411081344/tools/bin/../lib/gcc/arm-none-eabi/13.3.1/thumb/v7-m/nofp/crtn.o
 *(.fini)
 .fini          0x0800aa10        0x4 C:/ST/STM32CubeIDE_1.18.0/STM32CubeIDE/plugins/com.st.stm32cube.ide.mcu.externaltools.gnu-tools-for-stm32.13.3.rel1.win32_1.0.0.202411081344/tools/bin/../lib/gcc/arm-none-eabi/13.3.1/thumb/v7-m/nofp/crti.o
                0x0800aa10                _fini
 .fini          0x0800aa14        0x8 C:/ST/STM32CubeIDE_1.18.0/STM32CubeIDE/plugins/com.st.stm32cube.ide.mcu.externaltools.gnu-tools-for-stm32.13.3.rel1.win32_1.0.0.202411081344/tools/bin/../lib/gcc/arm-none-eabi/13.3.1/thumb/v7-m/nofp/crtn.o
                0x0800aa1c                        . = ALIGN (0x4)
                0x0800aa1c                        _etext = .

.vfp11_veneer   0x0800aa1c        0x0
 .vfp11_veneer  0x0800aa1c        0x0 linker stubs

.v4_bx          0x0800aa1c        0x0
 .v4_bx         0x0800aa1c        0x0 linker stubs

.iplt           0x0800aa1c        0x0
 .iplt          0x0800aa1c        0x0 C:/ST/STM32CubeIDE_1.18.0/STM32CubeIDE/plugins/com.st.stm32cube.ide.mcu.externaltools.gnu-tools-for-stm32.13.3.rel1.win32_1.0.0.202411081344/tools/bin/../lib/gcc/arm-none-eabi/13.3.1/thumb/v7-m/nofp/crtbegin.o

.rodata         0x0800aa1c     0x1d48
                0x0800aa1c                        . = ALIGN (0x4)
 *(.rodata)
 .rodata        0x0800aa1c       0xad ./Core/Src/main.o
 *fill*         0x0800aac9        0x3 
 .rodata        0x0800aacc       0x44 ./Middlewares/Third_Party/FatFs/src/ff.o
 .rodata        0x0800ab10        0x5 ./Middlewares/Third_Party/FreeRTOS/Source/tasks.o
 *fill*         0x0800ab15        0x3 
 .rodata        0x0800ab18        0xd ./Middlewares/Third_Party/FreeRTOS/Source/timers.o
 *(.rodata*)
 *fill*         0x0800ab25        0x3 
 .rodata.Font7x10
                0x0800ab28      0x76c ./Core/Src/fonts.o
                0x0800ab28                Font7x10
 .rodata.defaultTask_attributes
                0x0800b294       0x24 ./Core/Src/main.o
                0x0800b294                defaultTask_attributes
 .rodata.menuTask_attributes
                0x0800b2b8       0x24 ./Core/Src/main.o
                0x0800b2b8                menuTask_attributes
 .rodata.acceptButtonTas_attributes
                0x0800b2dc       0x24 ./Core/Src/main.o
                0x0800b2dc                acceptButtonTas_attributes
 .rodata.cancelButtonTas_attributes
                0x0800b300       0x24 ./Core/Src/main.o
                0x0800b300                cancelButtonTas_attributes
 .rodata.encoderTask_attributes
                0x0800b324       0x24 ./Core/Src/main.o
                0x0800b324                encoderTask_attributes
 .rodata.acceptButtonParams
                0x0800b348        0xc ./Core/Src/main.o
                0x0800b348                acceptButtonParams
 .rodata.cancelButtonParams
                0x0800b354        0xc ./Core/Src/main.o
                0x0800b354                cancelButtonParams
 .rodata.sin_table
                0x0800b360      0x5a4 ./Core/Src/main.o
                0x0800b360                sin_table
 .rodata.cos_table
                0x0800b904      0x5a4 ./Core/Src/main.o
                0x0800b904                cos_table
 .rodata.encoderTable.0
                0x0800bea8       0x10 ./Core/Src/main.o
 .rodata.AHBPrescTable
                0x0800beb8       0x10 ./Core/Src/system_stm32f1xx.o
                0x0800beb8                AHBPrescTable
 .rodata.APBPrescTable
                0x0800bec8        0x8 ./Core/Src/system_stm32f1xx.o
                0x0800bec8                APBPrescTable
 .rodata.dummy.0
                0x0800bed0      0x800 ./Core/Src/user_diskio_spi.o
 .rodata.aPLLMULFactorTable.1
                0x0800c6d0       0x10 ./Drivers/STM32F1xx_HAL_Driver/Src/stm32f1xx_hal_rcc.o
 .rodata.aPredivFactorTable.0
                0x0800c6e0        0x2 ./Drivers/STM32F1xx_HAL_Driver/Src/stm32f1xx_hal_rcc.o
 *fill*         0x0800c6e2        0x2 
 .rodata.ExCvt  0x0800c6e4       0x80 ./Middlewares/Third_Party/FatFs/src/ff.o
                0x0800c764                        . = ALIGN (0x4)

.ARM.extab      0x0800c764        0x0
                0x0800c764                        . = ALIGN (0x4)
 *(.ARM.extab* .gnu.linkonce.armextab.*)
                0x0800c764                        . = ALIGN (0x4)

.ARM            0x0800c764        0x0
                0x0800c764                        . = ALIGN (0x4)
                0x0800c764                        __exidx_start = .
 *(.ARM.exidx*)
                0x0800c764                        __exidx_end = .
                0x0800c764                        . = ALIGN (0x4)

.preinit_array  0x0800c764        0x0
                0x0800c764                        . = ALIGN (0x4)
                0x0800c764                        PROVIDE (__preinit_array_start = .)
 *(.preinit_array*)
                0x0800c764                        PROVIDE (__preinit_array_end = .)
                0x0800c764                        . = ALIGN (0x4)

.init_array     0x0800c764        0x4
                0x0800c764                        . = ALIGN (0x4)
                0x0800c764                        PROVIDE (__init_array_start = .)
 *(SORT_BY_NAME(.init_array.*))
 *(.init_array*)
 .init_array    0x0800c764        0x4 C:/ST/STM32CubeIDE_1.18.0/STM32CubeIDE/plugins/com.st.stm32cube.ide.mcu.externaltools.gnu-tools-for-stm32.13.3.rel1.win32_1.0.0.202411081344/tools/bin/../lib/gcc/arm-none-eabi/13.3.1/thumb/v7-m/nofp/crtbegin.o
                0x0800c768                        PROVIDE (__init_array_end = .)
                0x0800c768                        . = ALIGN (0x4)

.fini_array     0x0800c768        0x4
                0x0800c768                        . = ALIGN (0x4)
                [!provide]                        PROVIDE (__fini_array_start = .)
 *(SORT_BY_NAME(.fini_array.*))
 *(.fini_array*)
 .fini_array    0x0800c768        0x4 C:/ST/STM32CubeIDE_1.18.0/STM32CubeIDE/plugins/com.st.stm32cube.ide.mcu.externaltools.gnu-tools-for-stm32.13.3.rel1.win32_1.0.0.202411081344/tools/bin/../lib/gcc/arm-none-eabi/13.3.1/thumb/v7-m/nofp/crtbegin.o
                [!provide]                        PROVIDE (__fini_array_end = .)
                0x0800c76c                        . = ALIGN (0x4)
                0x0800c76c                        _sidata = LOADADDR (.data)

.rel.dyn        0x0800c76c        0x0
 .rel.iplt      0x0800c76c        0x0 C:/ST/STM32CubeIDE_1.18.0/STM32CubeIDE/plugins/com.st.stm32cube.ide.mcu.externaltools.gnu-tools-for-stm32.13.3.rel1.win32_1.0.0.202411081344/tools/bin/../lib/gcc/arm-none-eabi/13.3.1/thumb/v7-m/nofp/crtbegin.o

.data           0x20000000       0x84 load address 0x0800c76c
                0x20000000                        . = ALIGN (0x4)
                0x20000000                        _sdata = .
 *(.data)
 *(.data*)
 .data.Font_7x10
                0x20000000        0x8 ./Core/Src/fonts.o
                0x20000000                Font_7x10
 .data.temp     0x20000008        0x1 ./Core/Src/main.o
                0x20000008                temp
 *fill*         0x20000009        0x3 
 .data.SystemCoreClock
                0x2000000c        0x4 ./Core/Src/system_stm32f1xx.o
                0x2000000c                SystemCoreClock
 .data.Stat     0x20000010        0x1 ./Core/Src/user_diskio_spi.o
 *fill*         0x20000011        0x3 
 .data.uwTickPrio
                0x20000014        0x4 ./Drivers/STM32F1xx_HAL_Driver/Src/stm32f1xx_hal.o
                0x20000014                uwTickPrio
 .data.uwTickFreq
                0x20000018        0x1 ./Drivers/STM32F1xx_HAL_Driver/Src/stm32f1xx_hal.o
                0x20000018                uwTickFreq
 *fill*         0x20000019        0x3 
 .data.USER_Driver
                0x2000001c       0x14 ./FATFS/Target/user_diskio.o
                0x2000001c                USER_Driver
 .data.uxCriticalNesting
                0x20000030        0x4 ./Middlewares/Third_Party/FreeRTOS/Source/portable/GCC/ARM_CM3/port.o
 .data._impure_ptr
                0x20000034        0x4 C:/ST/STM32CubeIDE_1.18.0/STM32CubeIDE/plugins/com.st.stm32cube.ide.mcu.externaltools.gnu-tools-for-stm32.13.3.rel1.win32_1.0.0.202411081344/tools/bin/../lib/gcc/arm-none-eabi/13.3.1/../../../../arm-none-eabi/lib/thumb/v7-m/nofp\libc_nano.a(libc_a-impure.o)
                0x20000034                _impure_ptr
 .data._impure_data
                0x20000038       0x4c C:/ST/STM32CubeIDE_1.18.0/STM32CubeIDE/plugins/com.st.stm32cube.ide.mcu.externaltools.gnu-tools-for-stm32.13.3.rel1.win32_1.0.0.202411081344/tools/bin/../lib/gcc/arm-none-eabi/13.3.1/../../../../arm-none-eabi/lib/thumb/v7-m/nofp\libc_nano.a(libc_a-impure.o)
                0x20000038                _impure_data
 *(.RamFunc)
 *(.RamFunc*)
                0x20000084                        . = ALIGN (0x4)
                0x20000084                        _edata = .

.igot.plt       0x20000084        0x0 load address 0x0800c7f0
 .igot.plt      0x20000084        0x0 C:/ST/STM32CubeIDE_1.18.0/STM32CubeIDE/plugins/com.st.stm32cube.ide.mcu.externaltools.gnu-tools-for-stm32.13.3.rel1.win32_1.0.0.202411081344/tools/bin/../lib/gcc/arm-none-eabi/13.3.1/thumb/v7-m/nofp/crtbegin.o
                0x20000084                        . = ALIGN (0x4)

.bss            0x20000084     0x2c6c load address 0x0800c7f0
                0x20000084                        _sbss = .
                0x20000084                        __bss_start__ = _sbss
 *(.bss)
 .bss           0x20000084       0x1c C:/ST/STM32CubeIDE_1.18.0/STM32CubeIDE/plugins/com.st.stm32cube.ide.mcu.externaltools.gnu-tools-for-stm32.13.3.rel1.win32_1.0.0.202411081344/tools/bin/../lib/gcc/arm-none-eabi/13.3.1/thumb/v7-m/nofp/crtbegin.o
 *(.bss*)
 .bss.hi2c1     0x200000a0       0x54 ./Core/Src/main.o
                0x200000a0                hi2c1
 .bss.hspi2     0x200000f4       0x58 ./Core/Src/main.o
                0x200000f4                hspi2
 .bss.htim2     0x2000014c       0x48 ./Core/Src/main.o
                0x2000014c                htim2
 .bss.defaultTaskHandle
                0x20000194        0x4 ./Core/Src/main.o
                0x20000194                defaultTaskHandle
 .bss.menuTaskHandle
                0x20000198        0x4 ./Core/Src/main.o
                0x20000198                menuTaskHandle
 .bss.acceptButtonTasHandle
                0x2000019c        0x4 ./Core/Src/main.o
                0x2000019c                acceptButtonTasHandle
 .bss.cancelButtonTasHandle
                0x200001a0        0x4 ./Core/Src/main.o
                0x200001a0                cancelButtonTasHandle
 .bss.encoderTaskHandle
                0x200001a4        0x4 ./Core/Src/main.o
                0x200001a4                encoderTaskHandle
 .bss.displayParams
                0x200001a8        0x1 ./Core/Src/main.o
 *fill*         0x200001a9        0x3 
 .bss.prev_point_angle
                0x200001ac        0x4 ./Core/Src/main.o
                0x200001ac                prev_point_angle
 .bss.point_angle
                0x200001b0        0x4 ./Core/Src/main.o
                0x200001b0                point_angle
 .bss.lastInteractionTick
                0x200001b4        0x4 ./Core/Src/main.o
                0x200001b4                lastInteractionTick
 .bss.SSD1306_Buffer
                0x200001b8      0x400 ./Core/Src/ssd1306.o
 .bss.SSD1306   0x200005b8        0x6 ./Core/Src/ssd1306.o
 *fill*         0x200005be        0x2 
 .bss.htim4     0x200005c0       0x48 ./Core/Src/stm32f1xx_hal_timebase_tim.o
                0x200005c0                htim4
 .bss.CardType  0x20000608        0x1 ./Core/Src/user_diskio_spi.o
 *fill*         0x20000609        0x3 
 .bss.spiTimerTickStart
                0x2000060c        0x4 ./Core/Src/user_diskio_spi.o
                0x2000060c                spiTimerTickStart
 .bss.spiTimerTickDelay
                0x20000610        0x4 ./Core/Src/user_diskio_spi.o
                0x20000610                spiTimerTickDelay
 .bss.uwTick    0x20000614        0x4 ./Drivers/STM32F1xx_HAL_Driver/Src/stm32f1xx_hal.o
                0x20000614                uwTick
 .bss.retUSER   0x20000618        0x1 ./FATFS/App/fatfs.o
                0x20000618                retUSER
 *fill*         0x20000619        0x3 
 .bss.USERPath  0x2000061c        0x4 ./FATFS/App/fatfs.o
                0x2000061c                USERPath
 .bss.FatFs     0x20000620        0x4 ./Middlewares/Third_Party/FatFs/src/ff.o
 .bss.Fsid      0x20000624        0x2 ./Middlewares/Third_Party/FatFs/src/ff.o
 *fill*         0x20000626        0x2 
 .bss.Files     0x20000628       0x18 ./Middlewares/Third_Party/FatFs/src/ff.o
 .bss.disk      0x20000640        0xc ./Middlewares/Third_Party/FatFs/src/ff_gen_drv.o
                0x20000640                disk
 .bss.KernelState
                0x2000064c        0x4 ./Middlewares/Third_Party/FreeRTOS/Source/CMSIS_RTOS_V2/cmsis_os2.o
 .bss.Idle_TCB.3
                0x20000650       0xa8 ./Middlewares/Third_Party/FreeRTOS/Source/CMSIS_RTOS_V2/cmsis_os2.o
 .bss.Idle_Stack.2
                0x200006f8      0x200 ./Middlewares/Third_Party/FreeRTOS/Source/CMSIS_RTOS_V2/cmsis_os2.o
 .bss.Timer_TCB.1
                0x200008f8       0xa8 ./Middlewares/Third_Party/FreeRTOS/Source/CMSIS_RTOS_V2/cmsis_os2.o
 .bss.Timer_Stack.0
                0x200009a0      0x400 ./Middlewares/Third_Party/FreeRTOS/Source/CMSIS_RTOS_V2/cmsis_os2.o
 .bss.xQueueRegistry
                0x20000da0       0x40 ./Middlewares/Third_Party/FreeRTOS/Source/queue.o
                0x20000da0                xQueueRegistry
 .bss.pxCurrentTCB
                0x20000de0        0x4 ./Middlewares/Third_Party/FreeRTOS/Source/tasks.o
                0x20000de0                pxCurrentTCB
 .bss.pxReadyTasksLists
                0x20000de4      0x460 ./Middlewares/Third_Party/FreeRTOS/Source/tasks.o
 .bss.xDelayedTaskList1
                0x20001244       0x14 ./Middlewares/Third_Party/FreeRTOS/Source/tasks.o
 .bss.xDelayedTaskList2
                0x20001258       0x14 ./Middlewares/Third_Party/FreeRTOS/Source/tasks.o
 .bss.pxDelayedTaskList
                0x2000126c        0x4 ./Middlewares/Third_Party/FreeRTOS/Source/tasks.o
 .bss.pxOverflowDelayedTaskList
                0x20001270        0x4 ./Middlewares/Third_Party/FreeRTOS/Source/tasks.o
 .bss.xPendingReadyList
                0x20001274       0x14 ./Middlewares/Third_Party/FreeRTOS/Source/tasks.o
 .bss.xTasksWaitingTermination
                0x20001288       0x14 ./Middlewares/Third_Party/FreeRTOS/Source/tasks.o
 .bss.uxDeletedTasksWaitingCleanUp
                0x2000129c        0x4 ./Middlewares/Third_Party/FreeRTOS/Source/tasks.o
 .bss.xSuspendedTaskList
                0x200012a0       0x14 ./Middlewares/Third_Party/FreeRTOS/Source/tasks.o
 .bss.uxCurrentNumberOfTasks
                0x200012b4        0x4 ./Middlewares/Third_Party/FreeRTOS/Source/tasks.o
 .bss.xTickCount
                0x200012b8        0x4 ./Middlewares/Third_Party/FreeRTOS/Source/tasks.o
 .bss.uxTopReadyPriority
                0x200012bc        0x4 ./Middlewares/Third_Party/FreeRTOS/Source/tasks.o
 .bss.xSchedulerRunning
                0x200012c0        0x4 ./Middlewares/Third_Party/FreeRTOS/Source/tasks.o
 .bss.xPendedTicks
                0x200012c4        0x4 ./Middlewares/Third_Party/FreeRTOS/Source/tasks.o
 .bss.xYieldPending
                0x200012c8        0x4 ./Middlewares/Third_Party/FreeRTOS/Source/tasks.o
 .bss.xNumOfOverflows
                0x200012cc        0x4 ./Middlewares/Third_Party/FreeRTOS/Source/tasks.o
 .bss.uxTaskNumber
                0x200012d0        0x4 ./Middlewares/Third_Party/FreeRTOS/Source/tasks.o
 .bss.xNextTaskUnblockTime
                0x200012d4        0x4 ./Middlewares/Third_Party/FreeRTOS/Source/tasks.o
 .bss.xIdleTaskHandle
                0x200012d8        0x4 ./Middlewares/Third_Party/FreeRTOS/Source/tasks.o
 .bss.uxSchedulerSuspended
                0x200012dc        0x4 ./Middlewares/Third_Party/FreeRTOS/Source/tasks.o
 .bss.xActiveTimerList1
                0x200012e0       0x14 ./Middlewares/Third_Party/FreeRTOS/Source/timers.o
 .bss.xActiveTimerList2
                0x200012f4       0x14 ./Middlewares/Third_Party/FreeRTOS/Source/timers.o
 .bss.pxCurrentTimerList
                0x20001308        0x4 ./Middlewares/Third_Party/FreeRTOS/Source/timers.o
 .bss.pxOverflowTimerList
                0x2000130c        0x4 ./Middlewares/Third_Party/FreeRTOS/Source/timers.o
 .bss.xTimerQueue
                0x20001310        0x4 ./Middlewares/Third_Party/FreeRTOS/Source/timers.o
 .bss.xTimerTaskHandle
                0x20001314        0x4 ./Middlewares/Third_Party/FreeRTOS/Source/timers.o
 .bss.xLastTime.2
                0x20001318        0x4 ./Middlewares/Third_Party/FreeRTOS/Source/timers.o
 .bss.ucStaticTimerQueueStorage.1
                0x2000131c       0xa0 ./Middlewares/Third_Party/FreeRTOS/Source/timers.o
 .bss.xStaticTimerQueue.0
                0x200013bc       0x50 ./Middlewares/Third_Party/FreeRTOS/Source/timers.o
 .bss.ucMaxSysCallPriority
                0x2000140c        0x1 ./Middlewares/Third_Party/FreeRTOS/Source/portable/GCC/ARM_CM3/port.o
 *fill*         0x2000140d        0x3 
 .bss.ulMaxPRIGROUPValue
                0x20001410        0x4 ./Middlewares/Third_Party/FreeRTOS/Source/portable/GCC/ARM_CM3/port.o
 .bss.ucHeap    0x20001414     0x177c ./Middlewares/Third_Party/FreeRTOS/Source/portable/MemMang/heap_4.o
 .bss.xStart    0x20002b90        0x8 ./Middlewares/Third_Party/FreeRTOS/Source/portable/MemMang/heap_4.o
 .bss.pxEnd     0x20002b98        0x4 ./Middlewares/Third_Party/FreeRTOS/Source/portable/MemMang/heap_4.o
 .bss.xFreeBytesRemaining
                0x20002b9c        0x4 ./Middlewares/Third_Party/FreeRTOS/Source/portable/MemMang/heap_4.o
 .bss.xMinimumEverFreeBytesRemaining
                0x20002ba0        0x4 ./Middlewares/Third_Party/FreeRTOS/Source/portable/MemMang/heap_4.o
 .bss.xNumberOfSuccessfulAllocations
                0x20002ba4        0x4 ./Middlewares/Third_Party/FreeRTOS/Source/portable/MemMang/heap_4.o
 .bss.xNumberOfSuccessfulFrees
                0x20002ba8        0x4 ./Middlewares/Third_Party/FreeRTOS/Source/portable/MemMang/heap_4.o
 .bss.xBlockAllocatedBit
                0x20002bac        0x4 ./Middlewares/Third_Party/FreeRTOS/Source/portable/MemMang/heap_4.o
 .bss.__sf      0x20002bb0      0x138 C:/ST/STM32CubeIDE_1.18.0/STM32CubeIDE/plugins/com.st.stm32cube.ide.mcu.externaltools.gnu-tools-for-stm32.13.3.rel1.win32_1.0.0.202411081344/tools/bin/../lib/gcc/arm-none-eabi/13.3.1/../../../../arm-none-eabi/lib/thumb/v7-m/nofp\libc_nano.a(libc_a-findfp.o)
                0x20002bb0                __sf
 .bss.__lock___malloc_recursive_mutex
                0x20002ce8        0x1 C:/ST/STM32CubeIDE_1.18.0/STM32CubeIDE/plugins/com.st.stm32cube.ide.mcu.externaltools.gnu-tools-for-stm32.13.3.rel1.win32_1.0.0.202411081344/tools/bin/../lib/gcc/arm-none-eabi/13.3.1/../../../../arm-none-eabi/lib/thumb/v7-m/nofp\libc_nano.a(libc_a-lock.o)
                0x20002ce8                __lock___malloc_recursive_mutex
 *fill*         0x20002ce9        0x3 
 .bss.__malloc_free_list
                0x20002cec        0x4 C:/ST/STM32CubeIDE_1.18.0/STM32CubeIDE/plugins/com.st.stm32cube.ide.mcu.externaltools.gnu-tools-for-stm32.13.3.rel1.win32_1.0.0.202411081344/tools/bin/../lib/gcc/arm-none-eabi/13.3.1/../../../../arm-none-eabi/lib/thumb/v7-m/nofp\libc_nano.a(libc_a-mallocr.o)
                0x20002cec                __malloc_free_list
 *(COMMON)
                0x20002cf0                        . = ALIGN (0x4)
                0x20002cf0                        _ebss = .
                0x20002cf0                        __bss_end__ = _ebss

._user_heap_stack
                0x20002cf0      0x600 load address 0x0800c7f0
                0x20002cf0                        . = ALIGN (0x8)
                [!provide]                        PROVIDE (end = .)
                0x20002cf0                        PROVIDE (_end = .)
                0x20002ef0                        . = (. + _Min_Heap_Size)
 *fill*         0x20002cf0      0x200 
                0x200032f0                        . = (. + _Min_Stack_Size)
 *fill*         0x20002ef0      0x400 
                0x200032f0                        . = ALIGN (0x8)

/DISCARD/
 libc.a(*)
 libm.a(*)
 libgcc.a(*)

.ARM.attributes
                0x00000000       0x29
 *(.ARM.attributes)
 .ARM.attributes
                0x00000000       0x1d C:/ST/STM32CubeIDE_1.18.0/STM32CubeIDE/plugins/com.st.stm32cube.ide.mcu.externaltools.gnu-tools-for-stm32.13.3.rel1.win32_1.0.0.202411081344/tools/bin/../lib/gcc/arm-none-eabi/13.3.1/thumb/v7-m/nofp/crti.o
 .ARM.attributes
                0x0000001d       0x2d C:/ST/STM32CubeIDE_1.18.0/STM32CubeIDE/plugins/com.st.stm32cube.ide.mcu.externaltools.gnu-tools-for-stm32.13.3.rel1.win32_1.0.0.202411081344/tools/bin/../lib/gcc/arm-none-eabi/13.3.1/thumb/v7-m/nofp/crtbegin.o
 .ARM.attributes
                0x0000004a       0x2d ./Core/Src/fonts.o
 .ARM.attributes
                0x00000077       0x2d ./Core/Src/main.o
 .ARM.attributes
                0x000000a4       0x2d ./Core/Src/ssd1306.o
 .ARM.attributes
                0x000000d1       0x2d ./Core/Src/stm32f1xx_hal_msp.o
 .ARM.attributes
                0x000000fe       0x2d ./Core/Src/stm32f1xx_hal_timebase_tim.o
 .ARM.attributes
                0x0000012b       0x2d ./Core/Src/stm32f1xx_it.o
 .ARM.attributes
                0x00000158       0x2d ./Core/Src/system_stm32f1xx.o
 .ARM.attributes
                0x00000185       0x2d ./Core/Src/user_diskio_spi.o
 .ARM.attributes
                0x000001b2       0x21 ./Core/Startup/startup_stm32f103c8tx.o
 .ARM.attributes
                0x000001d3       0x2d ./Drivers/STM32F1xx_HAL_Driver/Src/stm32f1xx_hal.o
 .ARM.attributes
                0x00000200       0x2d ./Drivers/STM32F1xx_HAL_Driver/Src/stm32f1xx_hal_cortex.o
 .ARM.attributes
                0x0000022d       0x2d ./Drivers/STM32F1xx_HAL_Driver/Src/stm32f1xx_hal_gpio.o
 .ARM.attributes
                0x0000025a       0x2d ./Drivers/STM32F1xx_HAL_Driver/Src/stm32f1xx_hal_i2c.o
 .ARM.attributes
                0x00000287       0x2d ./Drivers/STM32F1xx_HAL_Driver/Src/stm32f1xx_hal_rcc.o
 .ARM.attributes
                0x000002b4       0x2d ./Drivers/STM32F1xx_HAL_Driver/Src/stm32f1xx_hal_spi.o
 .ARM.attributes
                0x000002e1       0x2d ./Drivers/STM32F1xx_HAL_Driver/Src/stm32f1xx_hal_tim.o
 .ARM.attributes
                0x0000030e       0x2d ./Drivers/STM32F1xx_HAL_Driver/Src/stm32f1xx_hal_tim_ex.o
 .ARM.attributes
                0x0000033b       0x2d ./FATFS/App/fatfs.o
 .ARM.attributes
                0x00000368       0x2d ./FATFS/Target/user_diskio.o
 .ARM.attributes
                0x00000395       0x2d ./Middlewares/Third_Party/FatFs/src/diskio.o
 .ARM.attributes
                0x000003c2       0x2d ./Middlewares/Third_Party/FatFs/src/ff.o
 .ARM.attributes
                0x000003ef       0x2d ./Middlewares/Third_Party/FatFs/src/ff_gen_drv.o
 .ARM.attributes
                0x0000041c       0x2d ./Middlewares/Third_Party/FreeRTOS/Source/CMSIS_RTOS_V2/cmsis_os2.o
 .ARM.attributes
                0x00000449       0x2d ./Middlewares/Third_Party/FreeRTOS/Source/list.o
 .ARM.attributes
                0x00000476       0x2d ./Middlewares/Third_Party/FreeRTOS/Source/queue.o
 .ARM.attributes
                0x000004a3       0x2d ./Middlewares/Third_Party/FreeRTOS/Source/tasks.o
 .ARM.attributes
                0x000004d0       0x2d ./Middlewares/Third_Party/FreeRTOS/Source/timers.o
 .ARM.attributes
                0x000004fd       0x2d ./Middlewares/Third_Party/FreeRTOS/Source/portable/GCC/ARM_CM3/port.o
 .ARM.attributes
                0x0000052a       0x2d ./Middlewares/Third_Party/FreeRTOS/Source/portable/MemMang/heap_4.o
 .ARM.attributes
                0x00000557       0x2d C:/ST/STM32CubeIDE_1.18.0/STM32CubeIDE/plugins/com.st.stm32cube.ide.mcu.externaltools.gnu-tools-for-stm32.13.3.rel1.win32_1.0.0.202411081344/tools/bin/../lib/gcc/arm-none-eabi/13.3.1/../../../../arm-none-eabi/lib/thumb/v7-m/nofp\libc_nano.a(libc_a-findfp.o)
 .ARM.attributes
                0x00000584       0x2d C:/ST/STM32CubeIDE_1.18.0/STM32CubeIDE/plugins/com.st.stm32cube.ide.mcu.externaltools.gnu-tools-for-stm32.13.3.rel1.win32_1.0.0.202411081344/tools/bin/../lib/gcc/arm-none-eabi/13.3.1/../../../../arm-none-eabi/lib/thumb/v7-m/nofp\libc_nano.a(libc_a-memset.o)
 .ARM.attributes
                0x000005b1       0x2d C:/ST/STM32CubeIDE_1.18.0/STM32CubeIDE/plugins/com.st.stm32cube.ide.mcu.externaltools.gnu-tools-for-stm32.13.3.rel1.win32_1.0.0.202411081344/tools/bin/../lib/gcc/arm-none-eabi/13.3.1/../../../../arm-none-eabi/lib/thumb/v7-m/nofp\libc_nano.a(libc_a-reent.o)
 .ARM.attributes
                0x000005de       0x2d C:/ST/STM32CubeIDE_1.18.0/STM32CubeIDE/plugins/com.st.stm32cube.ide.mcu.externaltools.gnu-tools-for-stm32.13.3.rel1.win32_1.0.0.202411081344/tools/bin/../lib/gcc/arm-none-eabi/13.3.1/../../../../arm-none-eabi/lib/thumb/v7-m/nofp\libc_nano.a(libc_a-impure.o)
 .ARM.attributes
                0x0000060b       0x2d C:/ST/STM32CubeIDE_1.18.0/STM32CubeIDE/plugins/com.st.stm32cube.ide.mcu.externaltools.gnu-tools-for-stm32.13.3.rel1.win32_1.0.0.202411081344/tools/bin/../lib/gcc/arm-none-eabi/13.3.1/../../../../arm-none-eabi/lib/thumb/v7-m/nofp\libc_nano.a(libc_a-init.o)
 .ARM.attributes
                0x00000638       0x2d C:/ST/STM32CubeIDE_1.18.0/STM32CubeIDE/plugins/com.st.stm32cube.ide.mcu.externaltools.gnu-tools-for-stm32.13.3.rel1.win32_1.0.0.202411081344/tools/bin/../lib/gcc/arm-none-eabi/13.3.1/../../../../arm-none-eabi/lib/thumb/v7-m/nofp\libc_nano.a(libc_a-lock.o)
 .ARM.attributes
                0x00000665       0x2d C:/ST/STM32CubeIDE_1.18.0/STM32CubeIDE/plugins/com.st.stm32cube.ide.mcu.externaltools.gnu-tools-for-stm32.13.3.rel1.win32_1.0.0.202411081344/tools/bin/../lib/gcc/arm-none-eabi/13.3.1/../../../../arm-none-eabi/lib/thumb/v7-m/nofp\libc_nano.a(libc_a-memcpy-stub.o)
 .ARM.attributes
                0x00000692       0x2d C:/ST/STM32CubeIDE_1.18.0/STM32CubeIDE/plugins/com.st.stm32cube.ide.mcu.externaltools.gnu-tools-for-stm32.13.3.rel1.win32_1.0.0.202411081344/tools/bin/../lib/gcc/arm-none-eabi/13.3.1/../../../../arm-none-eabi/lib/thumb/v7-m/nofp\libc_nano.a(libc_a-freer.o)
 .ARM.attributes
                0x000006bf       0x2d C:/ST/STM32CubeIDE_1.18.0/STM32CubeIDE/plugins/com.st.stm32cube.ide.mcu.externaltools.gnu-tools-for-stm32.13.3.rel1.win32_1.0.0.202411081344/tools/bin/../lib/gcc/arm-none-eabi/13.3.1/../../../../arm-none-eabi/lib/thumb/v7-m/nofp\libc_nano.a(libc_a-mallocr.o)
 .ARM.attributes
                0x000006ec       0x2d C:/ST/STM32CubeIDE_1.18.0/STM32CubeIDE/plugins/com.st.stm32cube.ide.mcu.externaltools.gnu-tools-for-stm32.13.3.rel1.win32_1.0.0.202411081344/tools/bin/../lib/gcc/arm-none-eabi/13.3.1/../../../../arm-none-eabi/lib/thumb/v7-m/nofp\libc_nano.a(libc_a-mlock.o)
 .ARM.attributes
                0x00000719       0x1d C:/ST/STM32CubeIDE_1.18.0/STM32CubeIDE/plugins/com.st.stm32cube.ide.mcu.externaltools.gnu-tools-for-stm32.13.3.rel1.win32_1.0.0.202411081344/tools/bin/../lib/gcc/arm-none-eabi/13.3.1/thumb/v7-m/nofp\libgcc.a(_arm_mulsf3.o)
 .ARM.attributes
                0x00000736       0x1d C:/ST/STM32CubeIDE_1.18.0/STM32CubeIDE/plugins/com.st.stm32cube.ide.mcu.externaltools.gnu-tools-for-stm32.13.3.rel1.win32_1.0.0.202411081344/tools/bin/../lib/gcc/arm-none-eabi/13.3.1/thumb/v7-m/nofp\libgcc.a(_arm_addsubsf3.o)
 .ARM.attributes
                0x00000753       0x1d C:/ST/STM32CubeIDE_1.18.0/STM32CubeIDE/plugins/com.st.stm32cube.ide.mcu.externaltools.gnu-tools-for-stm32.13.3.rel1.win32_1.0.0.202411081344/tools/bin/../lib/gcc/arm-none-eabi/13.3.1/thumb/v7-m/nofp\libgcc.a(_arm_fixsfsi.o)
 .ARM.attributes
                0x00000770       0x1d C:/ST/STM32CubeIDE_1.18.0/STM32CubeIDE/plugins/com.st.stm32cube.ide.mcu.externaltools.gnu-tools-for-stm32.13.3.rel1.win32_1.0.0.202411081344/tools/bin/../lib/gcc/arm-none-eabi/13.3.1/thumb/v7-m/nofp/crtn.o
OUTPUT(practica_timers.elf elf32-littlearm)
LOAD linker stubs
LOAD C:/ST/STM32CubeIDE_1.18.0/STM32CubeIDE/plugins/com.st.stm32cube.ide.mcu.externaltools.gnu-tools-for-stm32.13.3.rel1.win32_1.0.0.202411081344/tools/bin/../lib/gcc/arm-none-eabi/13.3.1/../../../../arm-none-eabi/lib/thumb/v7-m/nofp\libc.a
LOAD C:/ST/STM32CubeIDE_1.18.0/STM32CubeIDE/plugins/com.st.stm32cube.ide.mcu.externaltools.gnu-tools-for-stm32.13.3.rel1.win32_1.0.0.202411081344/tools/bin/../lib/gcc/arm-none-eabi/13.3.1/../../../../arm-none-eabi/lib/thumb/v7-m/nofp\libm.a
LOAD C:/ST/STM32CubeIDE_1.18.0/STM32CubeIDE/plugins/com.st.stm32cube.ide.mcu.externaltools.gnu-tools-for-stm32.13.3.rel1.win32_1.0.0.202411081344/tools/bin/../lib/gcc/arm-none-eabi/13.3.1/thumb/v7-m/nofp\libgcc.a

.debug_info     0x00000000    0x1d2c9
 .debug_info    0x00000000      0x255 ./Core/Src/fonts.o
 .debug_info    0x00000255     0x1ed4 ./Core/Src/main.o
 .debug_info    0x00002129     0x1028 ./Core/Src/ssd1306.o
 .debug_info    0x00003151     0x10a8 ./Core/Src/stm32f1xx_hal_msp.o
 .debug_info    0x000041f9      0x9a8 ./Core/Src/stm32f1xx_hal_timebase_tim.o
 .debug_info    0x00004ba1      0x66a ./Core/Src/stm32f1xx_it.o
 .debug_info    0x0000520b      0x222 ./Core/Src/system_stm32f1xx.o
 .debug_info    0x0000542d      0xbac ./Core/Src/user_diskio_spi.o
 .debug_info    0x00005fd9       0x30 ./Core/Startup/startup_stm32f103c8tx.o
 .debug_info    0x00006009      0x704 ./Drivers/STM32F1xx_HAL_Driver/Src/stm32f1xx_hal.o
 .debug_info    0x0000670d      0xa87 ./Drivers/STM32F1xx_HAL_Driver/Src/stm32f1xx_hal_cortex.o
 .debug_info    0x00007194      0x5ab ./Drivers/STM32F1xx_HAL_Driver/Src/stm32f1xx_hal_gpio.o
 .debug_info    0x0000773f     0x2524 ./Drivers/STM32F1xx_HAL_Driver/Src/stm32f1xx_hal_i2c.o
 .debug_info    0x00009c63      0x7d5 ./Drivers/STM32F1xx_HAL_Driver/Src/stm32f1xx_hal_rcc.o
 .debug_info    0x0000a438     0x142d ./Drivers/STM32F1xx_HAL_Driver/Src/stm32f1xx_hal_spi.o
 .debug_info    0x0000b865     0x2959 ./Drivers/STM32F1xx_HAL_Driver/Src/stm32f1xx_hal_tim.o
 .debug_info    0x0000e1be     0x149b ./Drivers/STM32F1xx_HAL_Driver/Src/stm32f1xx_hal_tim_ex.o
 .debug_info    0x0000f659      0x4cf ./FATFS/App/fatfs.o
 .debug_info    0x0000fb28      0x3a5 ./FATFS/Target/user_diskio.o
 .debug_info    0x0000fecd      0x3da ./Middlewares/Third_Party/FatFs/src/diskio.o
 .debug_info    0x000102a7     0x20da ./Middlewares/Third_Party/FatFs/src/ff.o
 .debug_info    0x00012381      0x37a ./Middlewares/Third_Party/FatFs/src/ff_gen_drv.o
 .debug_info    0x000126fb     0x402c ./Middlewares/Third_Party/FreeRTOS/Source/CMSIS_RTOS_V2/cmsis_os2.o
 .debug_info    0x00016727      0x2af ./Middlewares/Third_Party/FreeRTOS/Source/list.o
 .debug_info    0x000169d6     0x1b79 ./Middlewares/Third_Party/FreeRTOS/Source/queue.o
 .debug_info    0x0001854f     0x28c1 ./Middlewares/Third_Party/FreeRTOS/Source/tasks.o
 .debug_info    0x0001ae10     0x1b50 ./Middlewares/Third_Party/FreeRTOS/Source/timers.o
 .debug_info    0x0001c960      0x494 ./Middlewares/Third_Party/FreeRTOS/Source/portable/GCC/ARM_CM3/port.o
 .debug_info    0x0001cdf4      0x4d5 ./Middlewares/Third_Party/FreeRTOS/Source/portable/MemMang/heap_4.o

.debug_abbrev   0x00000000     0x4439
 .debug_abbrev  0x00000000      0x11c ./Core/Src/fonts.o
 .debug_abbrev  0x0000011c      0x392 ./Core/Src/main.o
 .debug_abbrev  0x000004ae      0x30d ./Core/Src/ssd1306.o
 .debug_abbrev  0x000007bb      0x234 ./Core/Src/stm32f1xx_hal_msp.o
 .debug_abbrev  0x000009ef      0x1f3 ./Core/Src/stm32f1xx_hal_timebase_tim.o
 .debug_abbrev  0x00000be2      0x17c ./Core/Src/stm32f1xx_it.o
 .debug_abbrev  0x00000d5e      0x13f ./Core/Src/system_stm32f1xx.o
 .debug_abbrev  0x00000e9d      0x320 ./Core/Src/user_diskio_spi.o
 .debug_abbrev  0x000011bd       0x24 ./Core/Startup/startup_stm32f103c8tx.o
 .debug_abbrev  0x000011e1      0x201 ./Drivers/STM32F1xx_HAL_Driver/Src/stm32f1xx_hal.o
 .debug_abbrev  0x000013e2      0x2f8 ./Drivers/STM32F1xx_HAL_Driver/Src/stm32f1xx_hal_cortex.o
 .debug_abbrev  0x000016da      0x1ca ./Drivers/STM32F1xx_HAL_Driver/Src/stm32f1xx_hal_gpio.o
 .debug_abbrev  0x000018a4      0x2a3 ./Drivers/STM32F1xx_HAL_Driver/Src/stm32f1xx_hal_i2c.o
 .debug_abbrev  0x00001b47      0x2b3 ./Drivers/STM32F1xx_HAL_Driver/Src/stm32f1xx_hal_rcc.o
 .debug_abbrev  0x00001dfa      0x27a ./Drivers/STM32F1xx_HAL_Driver/Src/stm32f1xx_hal_spi.o
 .debug_abbrev  0x00002074      0x277 ./Drivers/STM32F1xx_HAL_Driver/Src/stm32f1xx_hal_tim.o
 .debug_abbrev  0x000022eb      0x282 ./Drivers/STM32F1xx_HAL_Driver/Src/stm32f1xx_hal_tim_ex.o
 .debug_abbrev  0x0000256d      0x1a8 ./FATFS/App/fatfs.o
 .debug_abbrev  0x00002715      0x15c ./FATFS/Target/user_diskio.o
 .debug_abbrev  0x00002871      0x181 ./Middlewares/Third_Party/FatFs/src/diskio.o
 .debug_abbrev  0x000029f2      0x2da ./Middlewares/Third_Party/FatFs/src/ff.o
 .debug_abbrev  0x00002ccc      0x19f ./Middlewares/Third_Party/FatFs/src/ff_gen_drv.o
 .debug_abbrev  0x00002e6b      0x548 ./Middlewares/Third_Party/FreeRTOS/Source/CMSIS_RTOS_V2/cmsis_os2.o
 .debug_abbrev  0x000033b3       0xf5 ./Middlewares/Third_Party/FreeRTOS/Source/list.o
 .debug_abbrev  0x000034a8      0x3b6 ./Middlewares/Third_Party/FreeRTOS/Source/queue.o
 .debug_abbrev  0x0000385e      0x3fe ./Middlewares/Third_Party/FreeRTOS/Source/tasks.o
 .debug_abbrev  0x00003c5c      0x368 ./Middlewares/Third_Party/FreeRTOS/Source/timers.o
 .debug_abbrev  0x00003fc4      0x258 ./Middlewares/Third_Party/FreeRTOS/Source/portable/GCC/ARM_CM3/port.o
 .debug_abbrev  0x0000421c      0x21d ./Middlewares/Third_Party/FreeRTOS/Source/portable/MemMang/heap_4.o

.debug_aranges  0x00000000     0x1ab8
 .debug_aranges
                0x00000000       0x20 ./Core/Src/fonts.o
 .debug_aranges
                0x00000020       0x80 ./Core/Src/main.o
 .debug_aranges
                0x000000a0       0xf8 ./Core/Src/ssd1306.o
 .debug_aranges
                0x00000198       0x58 ./Core/Src/stm32f1xx_hal_msp.o
 .debug_aranges
                0x000001f0       0x30 ./Core/Src/stm32f1xx_hal_timebase_tim.o
 .debug_aranges
                0x00000220       0x50 ./Core/Src/stm32f1xx_it.o
 .debug_aranges
                0x00000270       0x28 ./Core/Src/system_stm32f1xx.o
 .debug_aranges
                0x00000298       0x98 ./Core/Src/user_diskio_spi.o
 .debug_aranges
                0x00000330       0x28 ./Core/Startup/startup_stm32f103c8tx.o
 .debug_aranges
                0x00000358       0xe0 ./Drivers/STM32F1xx_HAL_Driver/Src/stm32f1xx_hal.o
 .debug_aranges
                0x00000438      0x100 ./Drivers/STM32F1xx_HAL_Driver/Src/stm32f1xx_hal_cortex.o
 .debug_aranges
                0x00000538       0x58 ./Drivers/STM32F1xx_HAL_Driver/Src/stm32f1xx_hal_gpio.o
 .debug_aranges
                0x00000590      0x2a8 ./Drivers/STM32F1xx_HAL_Driver/Src/stm32f1xx_hal_i2c.o
 .debug_aranges
                0x00000838       0x90 ./Drivers/STM32F1xx_HAL_Driver/Src/stm32f1xx_hal_rcc.o
 .debug_aranges
                0x000008c8      0x1d0 ./Drivers/STM32F1xx_HAL_Driver/Src/stm32f1xx_hal_spi.o
 .debug_aranges
                0x00000a98      0x3d0 ./Drivers/STM32F1xx_HAL_Driver/Src/stm32f1xx_hal_tim.o
 .debug_aranges
                0x00000e68      0x168 ./Drivers/STM32F1xx_HAL_Driver/Src/stm32f1xx_hal_tim_ex.o
 .debug_aranges
                0x00000fd0       0x28 ./FATFS/App/fatfs.o
 .debug_aranges
                0x00000ff8       0x40 ./FATFS/Target/user_diskio.o
 .debug_aranges
                0x00001038       0x48 ./Middlewares/Third_Party/FatFs/src/diskio.o
 .debug_aranges
                0x00001080      0x1e8 ./Middlewares/Third_Party/FatFs/src/ff.o
 .debug_aranges
                0x00001268       0x40 ./Middlewares/Third_Party/FatFs/src/ff_gen_drv.o
 .debug_aranges
                0x000012a8      0x2b0 ./Middlewares/Third_Party/FreeRTOS/Source/CMSIS_RTOS_V2/cmsis_os2.o
 .debug_aranges
                0x00001558       0x40 ./Middlewares/Third_Party/FreeRTOS/Source/list.o
 .debug_aranges
                0x00001598      0x158 ./Middlewares/Third_Party/FreeRTOS/Source/queue.o
 .debug_aranges
                0x000016f0      0x208 ./Middlewares/Third_Party/FreeRTOS/Source/tasks.o
 .debug_aranges
                0x000018f8       0xf0 ./Middlewares/Third_Party/FreeRTOS/Source/timers.o
 .debug_aranges
                0x000019e8       0x78 ./Middlewares/Third_Party/FreeRTOS/Source/portable/GCC/ARM_CM3/port.o
 .debug_aranges
                0x00001a60       0x58 ./Middlewares/Third_Party/FreeRTOS/Source/portable/MemMang/heap_4.o

.debug_rnglists
                0x00000000     0x14cc
 .debug_rnglists
                0x00000000       0x13 ./Core/Src/fonts.o
 .debug_rnglists
                0x00000013       0x64 ./Core/Src/main.o
 .debug_rnglists
                0x00000077       0xc2 ./Core/Src/ssd1306.o
 .debug_rnglists
                0x00000139       0x3e ./Core/Src/stm32f1xx_hal_msp.o
 .debug_rnglists
                0x00000177       0x20 ./Core/Src/stm32f1xx_hal_timebase_tim.o
 .debug_rnglists
                0x00000197       0x37 ./Core/Src/stm32f1xx_it.o
 .debug_rnglists
                0x000001ce       0x1a ./Core/Src/system_stm32f1xx.o
 .debug_rnglists
                0x000001e8       0x72 ./Core/Src/user_diskio_spi.o
 .debug_rnglists
                0x0000025a       0x19 ./Core/Startup/startup_stm32f103c8tx.o
 .debug_rnglists
                0x00000273       0xa3 ./Drivers/STM32F1xx_HAL_Driver/Src/stm32f1xx_hal.o
 .debug_rnglists
                0x00000316       0xbb ./Drivers/STM32F1xx_HAL_Driver/Src/stm32f1xx_hal_cortex.o
 .debug_rnglists
                0x000003d1       0x3f ./Drivers/STM32F1xx_HAL_Driver/Src/stm32f1xx_hal_gpio.o
 .debug_rnglists
                0x00000410      0x23c ./Drivers/STM32F1xx_HAL_Driver/Src/stm32f1xx_hal_i2c.o
 .debug_rnglists
                0x0000064c       0x6c ./Drivers/STM32F1xx_HAL_Driver/Src/stm32f1xx_hal_rcc.o
 .debug_rnglists
                0x000006b8      0x16e ./Drivers/STM32F1xx_HAL_Driver/Src/stm32f1xx_hal_spi.o
 .debug_rnglists
                0x00000826      0x31a ./Drivers/STM32F1xx_HAL_Driver/Src/stm32f1xx_hal_tim.o
 .debug_rnglists
                0x00000b40      0x125 ./Drivers/STM32F1xx_HAL_Driver/Src/stm32f1xx_hal_tim_ex.o
 .debug_rnglists
                0x00000c65       0x19 ./FATFS/App/fatfs.o
 .debug_rnglists
                0x00000c7e       0x2b ./FATFS/Target/user_diskio.o
 .debug_rnglists
                0x00000ca9       0x31 ./Middlewares/Third_Party/FatFs/src/diskio.o
 .debug_rnglists
                0x00000cda      0x18f ./Middlewares/Third_Party/FatFs/src/ff.o
 .debug_rnglists
                0x00000e69       0x2c ./Middlewares/Third_Party/FatFs/src/ff_gen_drv.o
 .debug_rnglists
                0x00000e95      0x212 ./Middlewares/Third_Party/FreeRTOS/Source/CMSIS_RTOS_V2/cmsis_os2.o
 .debug_rnglists
                0x000010a7       0x2b ./Middlewares/Third_Party/FreeRTOS/Source/list.o
 .debug_rnglists
                0x000010d2      0x109 ./Middlewares/Third_Party/FreeRTOS/Source/queue.o
 .debug_rnglists
                0x000011db      0x1a0 ./Middlewares/Third_Party/FreeRTOS/Source/tasks.o
 .debug_rnglists
                0x0000137b       0xb8 ./Middlewares/Third_Party/FreeRTOS/Source/timers.o
 .debug_rnglists
                0x00001433       0x57 ./Middlewares/Third_Party/FreeRTOS/Source/portable/GCC/ARM_CM3/port.o
 .debug_rnglists
                0x0000148a       0x42 ./Middlewares/Third_Party/FreeRTOS/Source/portable/MemMang/heap_4.o

.debug_macro    0x00000000    0x1aca9
 .debug_macro   0x00000000      0x285 ./Core/Src/fonts.o
 .debug_macro   0x00000285      0xacc ./Core/Src/fonts.o
 .debug_macro   0x00000d51      0x221 ./Core/Src/fonts.o
 .debug_macro   0x00000f72       0x2e ./Core/Src/fonts.o
 .debug_macro   0x00000fa0       0x22 ./Core/Src/fonts.o
 .debug_macro   0x00000fc2       0x22 ./Core/Src/fonts.o
 .debug_macro   0x00000fe4       0x8e ./Core/Src/fonts.o
 .debug_macro   0x00001072       0x51 ./Core/Src/fonts.o
 .debug_macro   0x000010c3      0x103 ./Core/Src/fonts.o
 .debug_macro   0x000011c6       0x6a ./Core/Src/fonts.o
 .debug_macro   0x00001230      0x1df ./Core/Src/fonts.o
 .debug_macro   0x0000140f       0x1c ./Core/Src/fonts.o
 .debug_macro   0x0000142b       0x22 ./Core/Src/fonts.o
 .debug_macro   0x0000144d       0xbd ./Core/Src/fonts.o
 .debug_macro   0x0000150a      0xd23 ./Core/Src/fonts.o
 .debug_macro   0x0000222d     0xe09e ./Core/Src/fonts.o
 .debug_macro   0x000102cb       0x6d ./Core/Src/fonts.o
 .debug_macro   0x00010338     0x34a2 ./Core/Src/fonts.o
 .debug_macro   0x000137da      0x190 ./Core/Src/fonts.o
 .debug_macro   0x0001396a       0x5c ./Core/Src/fonts.o
 .debug_macro   0x000139c6      0x5bc ./Core/Src/fonts.o
 .debug_macro   0x00013f82      0x289 ./Core/Src/fonts.o
 .debug_macro   0x0001420b      0x1cb ./Core/Src/fonts.o
 .debug_macro   0x000143d6      0x114 ./Core/Src/fonts.o
 .debug_macro   0x000144ea      0x1b2 ./Core/Src/fonts.o
 .debug_macro   0x0001469c       0x27 ./Core/Src/fonts.o
 .debug_macro   0x000146c3      0x136 ./Core/Src/fonts.o
 .debug_macro   0x000147f9      0x1bc ./Core/Src/fonts.o
 .debug_macro   0x000149b5       0x34 ./Core/Src/fonts.o
 .debug_macro   0x000149e9       0x3c ./Core/Src/fonts.o
 .debug_macro   0x00014a25       0x57 ./Core/Src/fonts.o
 .debug_macro   0x00014a7c       0x87 ./Core/Src/fonts.o
 .debug_macro   0x00014b03      0x240 ./Core/Src/fonts.o
 .debug_macro   0x00014d43      0x287 ./Core/Src/fonts.o
 .debug_macro   0x00014fca      0x140 ./Core/Src/fonts.o
 .debug_macro   0x0001510a      0x217 ./Core/Src/fonts.o
 .debug_macro   0x00015321      0x8ed ./Core/Src/fonts.o
 .debug_macro   0x00015c0e       0x83 ./Core/Src/fonts.o
 .debug_macro   0x00015c91       0x61 ./Core/Src/fonts.o
 .debug_macro   0x00015cf2       0x24 ./Core/Src/fonts.o
 .debug_macro   0x00015d16       0x43 ./Core/Src/fonts.o
 .debug_macro   0x00015d59       0x34 ./Core/Src/fonts.o
 .debug_macro   0x00015d8d      0x370 ./Core/Src/fonts.o
 .debug_macro   0x000160fd       0x16 ./Core/Src/fonts.o
 .debug_macro   0x00016113       0x4a ./Core/Src/fonts.o
 .debug_macro   0x0001615d       0x34 ./Core/Src/fonts.o
 .debug_macro   0x00016191       0x10 ./Core/Src/fonts.o
 .debug_macro   0x000161a1       0x58 ./Core/Src/fonts.o
 .debug_macro   0x000161f9       0x8e ./Core/Src/fonts.o
 .debug_macro   0x00016287       0x1c ./Core/Src/fonts.o
 .debug_macro   0x000162a3      0x185 ./Core/Src/fonts.o
 .debug_macro   0x00016428       0x10 ./Core/Src/fonts.o
 .debug_macro   0x00016438       0x3c ./Core/Src/fonts.o
 .debug_macro   0x00016474       0x20 ./Core/Src/fonts.o
 .debug_macro   0x00016494      0x430 ./Core/Src/main.o
 .debug_macro   0x000168c4      0x137 ./Core/Src/main.o
 .debug_macro   0x000169fb       0x66 ./Core/Src/main.o
 .debug_macro   0x00016a61       0x74 ./Core/Src/main.o
 .debug_macro   0x00016ad5       0xdd ./Core/Src/main.o
 .debug_macro   0x00016bb2       0xde ./Core/Src/main.o
 .debug_macro   0x00016c90       0xf5 ./Core/Src/main.o
 .debug_macro   0x00016d85       0x8e ./Core/Src/main.o
 .debug_macro   0x00016e13       0x16 ./Core/Src/main.o
 .debug_macro   0x00016e29       0x16 ./Core/Src/main.o
 .debug_macro   0x00016e3f       0x16 ./Core/Src/main.o
 .debug_macro   0x00016e55       0x29 ./Core/Src/main.o
 .debug_macro   0x00016e7e       0x1d ./Core/Src/main.o
 .debug_macro   0x00016e9b      0x310 ./Core/Src/ssd1306.o
 .debug_macro   0x000171ab      0x1bc ./Core/Src/stm32f1xx_hal_msp.o
 .debug_macro   0x00017367      0x1ad ./Core/Src/stm32f1xx_hal_timebase_tim.o